[WebServer] (node:39) Warning: The 'NO_COLOR' env is ignored due to the 'FORCE_COLOR' env being set.
[WebServer] (Use `node --trace-warnings ...` to show where the warning was created)
[WebServer] $ vite --host 127.0.0.1 --port 4173
[WebServer] (node:54) Warning: The 'NO_COLOR' env is ignored due to the 'FORCE_COLOR' env being set.
[WebServer] (Use `node --trace-warnings ...` to show where the warning was created)

Running 4 tests using 1 worker

(node:93) Warning: The 'NO_COLOR' env is ignored due to the 'FORCE_COLOR' env being set.
(Use `node --trace-warnings ...` to show where the warning was created)
  ✘  1 [chromium] › e2e/wm003.spec.ts:49:1 › WM003 simulated PlayStation complete route, controller pause save load and keyboard fallback (1.1m)
(node:180) Warning: The 'NO_COLOR' env is ignored due to the 'FORCE_COLOR' env being set.
(Use `node --trace-warnings ...` to show where the warning was created)
  ✓  2 [chromium] › e2e/wm003.spec.ts:51:39 › WM003 loads exact historical WM-001 writer records without changing old generations (1.8s)
  ✓  3 [chromium] › e2e/wm003.spec.ts:51:39 › WM003 loads exact historical WM-002 writer records without changing old generations (1.5s)
  ✘  4 [chromium] › e2e/wm003.spec.ts:57:1 › WM003 historical WM002 save to full swing plus climb route, safe save and real browser close/reopen (34.9s)


  1) [chromium] › e2e/wm003.spec.ts:49:1 › WM003 simulated PlayStation complete route, controller pause save load and keyboard fallback 

    Error: expect(received).toBeLessThan(expected)

    Expected: < 0.04
    Received:   0.04209756097561046

      19 |   return{down:async k=>{held.add(k);await update();},up:async k=>{held.delete(k);await update();},press:async k=>{held.add(k);await update();await p.waitForTimeout(75);held.delete(k);await update();},look:async(alpha,beta)=>{
      20 |     for(let n=0;n<250;n++){const s=await state(p),dx=s.cameraAlpha-alpha,dy=beta===undefined?0:beta-s.cameraBeta;if(Math.abs(dx)<.012&&Math.abs(dy)<.012)break;await update(Math.abs(dx)<.012?0:Math.sign(dx)*.35,Math.abs(dy)<.012?0:Math.sign(dy)*.35);await p.waitForTimeout(25);}
    > 21 |     await update();await p.waitForTimeout(150);const s=await state(p);expect(Math.abs(s.cameraAlpha-alpha)).toBeLessThan(.04);if(beta!==undefined)expect(Math.abs(s.cameraBeta-beta)).toBeLessThan(.04);
         |                                                                                                                                                                                       ^
      22 |   }};
      23 | }
      24 | async function stop(p:Page,controls=keyboard(p)){for(const k of ['w','a','s','d','Shift','c','q','e'])await controls.up(k);await p.waitForTimeout(350);}
        at Object.look (/workspace/scratch/bb63ed1d5d6d/wm003-implementation/e2e/wm003.spec.ts:21:183)
        at route (/workspace/scratch/bb63ed1d5d6d/wm003-implementation/e2e/wm003.spec.ts:45:3)
        at /workspace/scratch/bb63ed1d5d6d/wm003-implementation/e2e/wm003.spec.ts:49:282

    attachment #1: screenshot (image/png) ──────────────────────────────────────────────────────────
    test-results/wm003-WM003-simulated-Play-7b400--load-and-keyboard-fallback-chromium/test-failed-1.png
    ────────────────────────────────────────────────────────────────────────────────────────────────

    attachment #2: video (video/webm) ──────────────────────────────────────────────────────────────
    test-results/wm003-WM003-simulated-Play-7b400--load-and-keyboard-fallback-chromium/video.webm
    ────────────────────────────────────────────────────────────────────────────────────────────────

    Error Context: test-results/wm003-WM003-simulated-Play-7b400--load-and-keyboard-fallback-chromium/error-context.md

    attachment #4: trace (application/zip) ─────────────────────────────────────────────────────────
    test-results/wm003-WM003-simulated-Play-7b400--load-and-keyboard-fallback-chromium/trace.zip
    Usage:

        pnpm exec playwright show-trace test-results/wm003-WM003-simulated-Play-7b400--load-and-keyboard-fallback-chromium/trace.zip

    ────────────────────────────────────────────────────────────────────────────────────────────────

  2) [chromium] › e2e/wm003.spec.ts:57:1 › WM003 historical WM002 save to full swing plus climb route, safe save and real browser close/reopen 

    TimeoutError: page.waitForFunction: Timeout 15000ms exceeded.

       at routes/wm002-route.ts:15

      13 | }
      14 | async function stage(page: Page, n: number) {
    > 15 |   await page.waitForFunction(
         |              ^
      16 |     (n) => window.__WM_DEBUG__!.getState().skyline.stage === n,
      17 |     n,
      18 |     { timeout: 15000 },
        at stage (/workspace/scratch/bb63ed1d5d6d/wm003-implementation/e2e/routes/wm002-route.ts:15:14)
        at legacyKeyboardRoute (/workspace/scratch/bb63ed1d5d6d/wm003-implementation/e2e/routes/wm002-route.ts:103:9)
        at /workspace/scratch/bb63ed1d5d6d/wm003-implementation/e2e/wm003.spec.ts:63:102

    attachment #1: screenshot (image/png) ──────────────────────────────────────────────────────────
    test-results/wm003-WM003-historical-WM0-c26f0-d-real-browser-close-reopen-chromium/test-failed-1.png
    ────────────────────────────────────────────────────────────────────────────────────────────────

    attachment #2: screenshot (image/png) ──────────────────────────────────────────────────────────
    test-results/wm003-WM003-historical-WM0-c26f0-d-real-browser-close-reopen-chromium/test-failed-2.png
    ────────────────────────────────────────────────────────────────────────────────────────────────

    Error Context: test-results/wm003-WM003-historical-WM0-c26f0-d-real-browser-close-reopen-chromium/error-context.md

    attachment #4: trace (application/zip) ─────────────────────────────────────────────────────────
    test-results/wm003-WM003-historical-WM0-c26f0-d-real-browser-close-reopen-chromium/trace.zip
    Usage:

        pnpm exec playwright show-trace test-results/wm003-WM003-historical-WM0-c26f0-d-real-browser-close-reopen-chromium/trace.zip

    ────────────────────────────────────────────────────────────────────────────────────────────────

  2 failed
    [chromium] › e2e/wm003.spec.ts:49:1 › WM003 simulated PlayStation complete route, controller pause save load and keyboard fallback 
    [chromium] › e2e/wm003.spec.ts:57:1 › WM003 historical WM002 save to full swing plus climb route, safe save and real browser close/reopen 
  2 passed (2.1m)
