[WebServer] (node:39) Warning: The 'NO_COLOR' env is ignored due to the 'FORCE_COLOR' env being set.
[WebServer] (Use `node --trace-warnings ...` to show where the warning was created)
[WebServer] $ vite --host 127.0.0.1 --port 4173
[WebServer] (node:54) Warning: The 'NO_COLOR' env is ignored due to the 'FORCE_COLOR' env being set.
[WebServer] (Use `node --trace-warnings ...` to show where the warning was created)

Running 11 tests using 1 worker

(node:93) Warning: The 'NO_COLOR' env is ignored due to the 'FORCE_COLOR' env being set.
(Use `node --trace-warnings ...` to show where the warning was created)
  ✓   1 [chromium] › e2e/wm003.spec.ts:47:1 › WM003 ordinary keyboard combined swing climb ceiling pull route (38.8s)
  ✓   2 [chromium] › e2e/wm003.spec.ts:49:1 › WM003 simulated PlayStation complete route, controller pause save load and keyboard fallback (47.2s)
  ✓   3 [chromium] › e2e/wm003.spec.ts:51:39 › WM003 loads exact historical WM-001 writer records without changing old generations (1.5s)
  ✓   4 [chromium] › e2e/wm003.spec.ts:51:39 › WM003 loads exact historical WM-002 writer records without changing old generations (1.2s)
  ✓   5 [chromium] › e2e/wm003.spec.ts:57:1 › WM003 historical WM002 save to full swing plus climb route, safe save and real browser close/reopen (1.2m)
  ✓   6 [chromium] › e2e/wm003.spec.ts:69:1 › WM003 negative lifecycle probes: wall pause focus pull interruption heavy feedback and blocked web (24.6s)
  ✓   7 [chromium] › e2e/wm003.spec.ts:79:1 › WM003 RB and LB disconnect cleanup with neutral reconnect and keyboard fallback (9.5s)
  ✓   8 [chromium] › e2e/wm003.spec.ts:84:1 › WM003 original eyes palette body lattice and actual backward forward swing-leg phases (13.3s)
  ✓   9 [chromium] › e2e/wm003.spec.ts:88:102 › WM003 complete route under near-30 rendered timing (30.2s)
  ✓  10 [chromium] › e2e/wm003.spec.ts:88:102 › WM003 complete route under uneven rendered timing (38.5s)
  ✓  11 [chromium] › e2e/wm003.spec.ts:92:1 › WM003 repeated replay pause save load clears transients and bounds resources (15.3s)

  11 passed (4.9m)
