[WebServer] (node:44) Warning: The 'NO_COLOR' env is ignored due to the 'FORCE_COLOR' env being set.
[WebServer] (Use `node --trace-warnings ...` to show where the warning was created)
[WebServer] $ vite --host 127.0.0.1 --port 4173
[WebServer] (node:59) Warning: The 'NO_COLOR' env is ignored due to the 'FORCE_COLOR' env being set.
[WebServer] (Use `node --trace-warnings ...` to show where the warning was created)

Running 2 tests using 1 worker

(node:98) Warning: The 'NO_COLOR' env is ignored due to the 'FORCE_COLOR' env being set.
(Use `node --trace-warnings ...` to show where the warning was created)
  ✓  1 [chromium] › e2e/wm003.spec.ts:46:1 › WM003 ordinary keyboard combined swing climb ceiling pull route (37.6s)
  ✘  2 [chromium] › e2e/wm003.spec.ts:48:1 › WM003 simulated PlayStation complete route, controller pause save load and keyboard fallback (1.7m)


  1) [chromium] › e2e/wm003.spec.ts:48:1 › WM003 simulated PlayStation complete route, controller pause save load and keyboard fallback 

    Error: expect(locator).toContainText(expected) failed

    Locator: locator('#toast-layer')
    Expected substring: "Save confirmed"
    Received string:    "Checkpoint: Climb & Pull complete! Land, save, or replay from Pause."
    Timeout: 5000ms

    Call log:
      - Expect "toContainText" locator('#toast-layer') with timeout 5000ms
      - waiting for locator('#toast-layer')
        8 × locator resolved to <div role="status" class="visible" id="toast-layer" aria-live="polite">Checkpoint: Climb & Pull complete! Land, save, or…</div>
          - unexpected value "Checkpoint: Climb & Pull complete! Land, save, or replay from Pause."
        6 × locator resolved to <div class="" role="status" id="toast-layer" aria-live="polite">Checkpoint: Climb & Pull complete! Land, save, or…</div>
          - unexpected value "Checkpoint: Climb & Pull complete! Land, save, or replay from Pause."


      46 | test('WM003 ordinary keyboard combined swing climb ceiling pull route',async({page},info)=>{test.setTimeout(180000);const errors:string[]=[];page.on('pageerror',e=>errors.push(String(e)));try{await start(page);await route(page);expect((await state(page)).training).toMatchObject({completed:true,stage:6,completions:1,valid:true});expect(errors).toEqual([]);await writeFile(`${out}/keyboard-route.json`,JSON.stringify({method:'Ordinary New Game and keyboard/mouse; no fixture positioning',state:await state(page),errors},null,2));}catch(e){await writeFile(info.outputPath('last-state.json'),JSON.stringify(await state(page),null,2));await shot(page,'failed-keyboard-route');throw e;}});
      47 |
    > 48 | test('WM003 simulated PlayStation complete route, controller pause save load and keyboard fallback',async({page},info)=>{test.setTimeout(210000);const errors:string[]=[];page.on('pageerror',e=>errors.push(String(e)));try{await controllerStart(page);const controls=controller(page);await route(page,controls,'controller');expect((await state(page)).training).toMatchObject({stage:6,completed:true,completions:1,valid:true});await padTap(page,9);await expect(page.getByRole('heading',{name:'Paused'})).toBeVisible();await padTap(page,13);await padTap(page,0);await expect(page.locator('#toast-layer')).toContainText('Save confirmed');await padTap(page,13);await padTap(page,13);await padTap(page,0);await expect(page.getByRole('heading',{name:'WEBMASTER'})).toBeVisible();await padTap(page,13);await padTap(page,0);const loaded=await state(page);expect(loaded.training.stage).toBe(6);expect(loaded.traversal.surfaceId).toBeNull();expect(loaded.traversal.pullId).toBeNull();expect(loaded.swing.web).toBeNull();expect(loaded.velocity).toEqual({x:0,y:0,z:0});await page.keyboard.down('w');await page.waitForTimeout(180);await page.keyboard.up('w');expect((await state(page)).position).not.toEqual(loaded.position);expect(errors).toEqual([]);await writeFile(`${out}/controller-route.json`,JSON.stringify({method:'Simulated standard PlayStation semantic actions only through route and save/load menus; keyboard fallback separately; not physical evidence',loaded,errors},null,2));}catch(e){await writeFile(info.outputPath('last-state.json'),JSON.stringify(await state(page),null,2));await shot(page,'failed-controller-route');throw e;}});
         |                                                                                                                                                                                                                                                                                                                                                                                                                                                                                                                                                                                                                         ^
      49 |
        at /workspace/scratch/bb63ed1d5d6d/wm003-implementation/e2e/wm003.spec.ts:48:601

    attachment #1: screenshot (image/png) ──────────────────────────────────────────────────────────
    test-results/wm003-WM003-simulated-Play-7b400--load-and-keyboard-fallback-chromium/test-failed-1.png
    ────────────────────────────────────────────────────────────────────────────────────────────────

    attachment #2: video (video/webm) ──────────────────────────────────────────────────────────────
    test-results/wm003-WM003-simulated-Play-7b400--load-and-keyboard-fallback-chromium/video.webm
    ────────────────────────────────────────────────────────────────────────────────────────────────

    Error Context: test-results/wm003-WM003-simulated-Play-7b400--load-and-keyboard-fallback-chromium/error-context.md

    attachment #4: trace (application/zip) ─────────────────────────────────────────────────────────
    test-results/wm003-WM003-simulated-Play-7b400--load-and-keyboard-fallback-chromium/trace.zip
    Usage:

        pnpm exec playwright show-trace test-results/wm003-WM003-simulated-Play-7b400--load-and-keyboard-fallback-chromium/trace.zip

    ────────────────────────────────────────────────────────────────────────────────────────────────

  1 failed
    [chromium] › e2e/wm003.spec.ts:48:1 › WM003 simulated PlayStation complete route, controller pause save load and keyboard fallback 
  1 passed (2.5m)
