{"freshOutput": "/tmp/wm003-browser-kcmv05mo/dist", "existedBeforeBuild": false, "buildCommand": ["pnpm", "exec", "vite", "build", "--base=/Webmaster/", "--outDir=/tmp/wm003-browser-kcmv05mo/dist", "--emptyOutDir"]}
vite v8.3.0 building client environment for production...
transforming...
✓ 528 modules transformed.
rendering chunks...
computing gzip size...
../../../../tmp/wm003-browser-kcmv05mo/dist/index.html                                                     2.60 kB │ gzip:   0.82 kB
../../../../tmp/wm003-browser-kcmv05mo/dist/.vite/manifest.json                                           31.88 kB │ gzip:   2.86 kB
../../../../tmp/wm003-browser-kcmv05mo/dist/assets/HavokPhysics-BqNY-4N9.wasm                          2,094.56 kB │ gzip: 668.98 kB
../../../../tmp/wm003-browser-kcmv05mo/dist/assets/index-DEjBbVlq.css                                      7.39 kB │ gzip:   2.48 kB
../../../../tmp/wm003-browser-kcmv05mo/dist/assets/dds.pure-CFtXUYz5.js                                    0.06 kB │ gzip:   0.08 kB
../../../../tmp/wm003-browser-kcmv05mo/dist/assets/thinEngine.pure-DXuNxQlg.js                             0.07 kB │ gzip:   0.08 kB
../../../../tmp/wm003-browser-kcmv05mo/dist/assets/kernelBlurVaryingDeclaration-DP2Wr9Oc.js                0.21 kB │ gzip:   0.17 kB
../../../../tmp/wm003-browser-kcmv05mo/dist/assets/dumpTools.pure-DorGjbyo.js                              0.22 kB │ gzip:   0.16 kB
../../../../tmp/wm003-browser-kcmv05mo/dist/assets/kernelBlurVaryingDeclaration-g2Ge9lzd.js                0.22 kB │ gzip:   0.18 kB
../../../../tmp/wm003-browser-kcmv05mo/dist/assets/pass.fragment-Cvd2TCWC.js                               0.31 kB │ gzip:   0.25 kB
../../../../tmp/wm003-browser-kcmv05mo/dist/assets/shadowMapFragmentSoftTransparentShadow-R_iOKnyx.js      0.37 kB │ gzip:   0.26 kB
../../../../tmp/wm003-browser-kcmv05mo/dist/assets/shadowMapFragmentSoftTransparentShadow-B6k0i9Au.js      0.40 kB │ gzip:   0.28 kB
../../../../tmp/wm003-browser-kcmv05mo/dist/assets/postprocess.vertex-DJCmMhI8.js                          0.46 kB │ gzip:   0.30 kB
../../../../tmp/wm003-browser-kcmv05mo/dist/assets/shaderStore-D-XQlhUT.js                                 0.46 kB │ gzip:   0.17 kB
../../../../tmp/wm003-browser-kcmv05mo/dist/assets/performanceConfigurator-UtxC_Odd.js                     0.50 kB │ gzip:   0.25 kB
../../../../tmp/wm003-browser-kcmv05mo/dist/assets/rgbdDecode.fragment-Cdz2Tveq.js                         0.52 kB │ gzip:   0.34 kB
../../../../tmp/wm003-browser-kcmv05mo/dist/assets/packingFunctions-DpGwbupU.js                            0.52 kB │ gzip:   0.29 kB
../../../../tmp/wm003-browser-kcmv05mo/dist/assets/depthBoxBlur.fragment-CLEAG5DG.js                       0.53 kB │ gzip:   0.35 kB
../../../../tmp/wm003-browser-kcmv05mo/dist/assets/packingFunctions-CINwVZs6.js                            0.56 kB │ gzip:   0.31 kB
../../../../tmp/wm003-browser-kcmv05mo/dist/assets/postprocess.vertex-CmVXXq2T.js                          0.58 kB │ gzip:   0.35 kB
../../../../tmp/wm003-browser-kcmv05mo/dist/assets/meshUboDeclaration-DYEo1Glw.js                          0.65 kB │ gzip:   0.35 kB
../../../../tmp/wm003-browser-kcmv05mo/dist/assets/meshUboDeclaration-ClF6XIke.js                          0.65 kB │ gzip:   0.35 kB
../../../../tmp/wm003-browser-kcmv05mo/dist/assets/rgbdDecode.fragment-DXl2fYur.js                         0.66 kB │ gzip:   0.38 kB
../../../../tmp/wm003-browser-kcmv05mo/dist/assets/math.scalar.functions-Bcxiuh2E.js                       0.70 kB │ gzip:   0.39 kB
../../../../tmp/wm003-browser-kcmv05mo/dist/assets/depthBoxBlur.fragment-D2KJPEQv.js                       0.71 kB │ gzip:   0.41 kB
../../../../tmp/wm003-browser-kcmv05mo/dist/assets/kernelBlur.vertex-C2dESVl-.js                           0.88 kB │ gzip:   0.46 kB
../../../../tmp/wm003-browser-kcmv05mo/dist/assets/color.fragment-CxH-oW8C.js                              0.92 kB │ gzip:   0.43 kB
../../../../tmp/wm003-browser-kcmv05mo/dist/assets/mesh.vertexData.functions-CD4JOR2q.js                   0.93 kB │ gzip:   0.48 kB
../../../../tmp/wm003-browser-kcmv05mo/dist/assets/color.fragment-CbJP31yK.js                              1.03 kB │ gzip:   0.47 kB
../../../../tmp/wm003-browser-kcmv05mo/dist/assets/kernelBlur.vertex-Cr8ljakh.js                           1.05 kB │ gzip:   0.50 kB
../../../../tmp/wm003-browser-kcmv05mo/dist/assets/fogFragment-CISE_m3s.js                                 1.08 kB │ gzip:   0.49 kB
../../../../tmp/wm003-browser-kcmv05mo/dist/assets/clipPlaneFragment-DVK0wgyZ.js                           1.17 kB │ gzip:   0.35 kB
../../../../tmp/wm003-browser-kcmv05mo/dist/assets/fogFragment-EikOP4pH.js                                 1.21 kB │ gzip:   0.54 kB
../../../../tmp/wm003-browser-kcmv05mo/dist/assets/ddsTextureLoader-AZvr7N5M.js                            1.26 kB │ gzip:   0.61 kB
../../../../tmp/wm003-browser-kcmv05mo/dist/assets/clipPlaneFragment-Ct2VqHzk.js                           1.27 kB │ gzip:   0.37 kB
../../../../tmp/wm003-browser-kcmv05mo/dist/assets/halfFloat-Cfx5m4ll.js                                   1.37 kB │ gzip:   0.63 kB
../../../../tmp/wm003-browser-kcmv05mo/dist/assets/color.vertex-CCPwwuPF.js                                1.40 kB │ gzip:   0.62 kB
../../../../tmp/wm003-browser-kcmv05mo/dist/assets/color.vertex-mQCzlXqp.js                                1.46 kB │ gzip:   0.63 kB
../../../../tmp/wm003-browser-kcmv05mo/dist/assets/logDepthDeclaration-CTCYTVLm.js                         1.60 kB │ gzip:   0.69 kB
../../../../tmp/wm003-browser-kcmv05mo/dist/assets/vertexColorMixing-ZPzHOsPb.js                           1.63 kB │ gzip:   0.56 kB
../../../../tmp/wm003-browser-kcmv05mo/dist/assets/logger-CuBYPcDK.js                                      1.88 kB │ gzip:   0.82 kB
../../../../tmp/wm003-browser-kcmv05mo/dist/assets/logDepthDeclaration-BKlEAogj.js                         1.98 kB │ gzip:   0.67 kB
../../../../tmp/wm003-browser-kcmv05mo/dist/assets/vertexColorMixing-BkEiY65E.js                           1.99 kB │ gzip:   0.63 kB
../../../../tmp/wm003-browser-kcmv05mo/dist/assets/kernelBlur.fragment-BvT73mHN.js                         2.29 kB │ gzip:   0.77 kB
../../../../tmp/wm003-browser-kcmv05mo/dist/assets/hdrTextureLoader-BQVwkxK1.js                            2.31 kB │ gzip:   1.13 kB
../../../../tmp/wm003-browser-kcmv05mo/dist/assets/iesTextureLoader-DkRm2YN5.js                            2.47 kB │ gzip:   1.08 kB
../../../../tmp/wm003-browser-kcmv05mo/dist/assets/kernelBlur.fragment-DGoy5K5D.js                         2.83 kB │ gzip:   0.85 kB
../../../../tmp/wm003-browser-kcmv05mo/dist/assets/shadowMap.fragment-DX4Yo1bp.js                          3.30 kB │ gzip:   1.16 kB
../../../../tmp/wm003-browser-kcmv05mo/dist/assets/tgaTextureLoader-CqhhocF6.js                            3.40 kB │ gzip:   1.35 kB
../../../../tmp/wm003-browser-kcmv05mo/dist/assets/engineStore-Bn2tApal.js                                 3.51 kB │ gzip:   1.21 kB
../../../../tmp/wm003-browser-kcmv05mo/dist/assets/decorators-CsN2eWor.js                                  3.57 kB │ gzip:   1.52 kB
../../../../tmp/wm003-browser-kcmv05mo/dist/assets/cubemapToSphericalPolynomial-Dk2nXs7D.js                3.67 kB │ gzip:   1.61 kB
../../../../tmp/wm003-browser-kcmv05mo/dist/assets/dumpTools.pure-DA1863qu.js                              3.79 kB │ gzip:   1.83 kB
../../../../tmp/wm003-browser-kcmv05mo/dist/assets/shadowMap.fragment-DUFTmQJ_.js                          3.86 kB │ gzip:   1.25 kB
../../../../tmp/wm003-browser-kcmv05mo/dist/assets/morphTargetsVertex-6N5r7oF1.js                          4.37 kB │ gzip:   0.98 kB
../../../../tmp/wm003-browser-kcmv05mo/dist/assets/shadowMap.vertex-BAMalKfR.js                            4.71 kB │ gzip:   1.52 kB
../../../../tmp/wm003-browser-kcmv05mo/dist/assets/shadowMap.vertex-BVP18Zja.js                            4.88 kB │ gzip:   1.62 kB
../../../../tmp/wm003-browser-kcmv05mo/dist/assets/sphericalPolynomial.pure-FtwgJ5uO.js                    5.73 kB │ gzip:   1.35 kB
../../../../tmp/wm003-browser-kcmv05mo/dist/assets/morphTargetsVertex-OlIh-Lzh.js                          6.40 kB │ gzip:   1.15 kB
../../../../tmp/wm003-browser-kcmv05mo/dist/assets/helperFunctions-BH8P-eyq.js                             6.48 kB │ gzip:   2.18 kB
../../../../tmp/wm003-browser-kcmv05mo/dist/assets/helperFunctions-gEnZbjN3.js                             6.81 kB │ gzip:   2.31 kB
../../../../tmp/wm003-browser-kcmv05mo/dist/assets/dds.pure-TNYRMEKn.js                                    6.92 kB │ gzip:   2.53 kB
../../../../tmp/wm003-browser-kcmv05mo/dist/assets/internalTexture-Dlz1Grf0.js                             7.68 kB │ gzip:   1.99 kB
../../../../tmp/wm003-browser-kcmv05mo/dist/assets/envTextureLoader-CIFcZNbu.js                            8.05 kB │ gzip:   3.22 kB
../../../../tmp/wm003-browser-kcmv05mo/dist/assets/basisTextureLoader-CIp9PROt.js                          8.15 kB │ gzip:   3.17 kB
../../../../tmp/wm003-browser-kcmv05mo/dist/assets/clipPlaneVertex-Cqy6RCeP.js                             8.82 kB │ gzip:   1.80 kB
../../../../tmp/wm003-browser-kcmv05mo/dist/assets/clipPlaneVertex-Bxgq6IpG.js                             9.79 kB │ gzip:   1.80 kB
../../../../tmp/wm003-browser-kcmv05mo/dist/assets/exrTextureLoader-Dlr7Fs1r.js                           13.14 kB │ gzip:   4.81 kB
../../../../tmp/wm003-browser-kcmv05mo/dist/assets/timingTools-BfV6cIZn.js                                13.26 kB │ gzip:   4.69 kB
../../../../tmp/wm003-browser-kcmv05mo/dist/assets/default.vertex-B7KyPJZN.js                             15.47 kB │ gzip:   3.71 kB
../../../../tmp/wm003-browser-kcmv05mo/dist/assets/ktxTextureLoader-BvmcoXCI.js                           16.41 kB │ gzip:   4.79 kB
../../../../tmp/wm003-browser-kcmv05mo/dist/assets/effectRenderer.pure-B8FoWVMT.js                        17.42 kB │ gzip:   5.45 kB
../../../../tmp/wm003-browser-kcmv05mo/dist/assets/postProcess.pure-GZlCEDVA.js                           19.47 kB │ gzip:   5.36 kB
../../../../tmp/wm003-browser-kcmv05mo/dist/assets/baseTexture.pure-BolroSNj.js                           20.46 kB │ gzip:   5.63 kB
../../../../tmp/wm003-browser-kcmv05mo/dist/assets/texture.pure-p5M5lFsr.js                               21.10 kB │ gzip:   5.96 kB
../../../../tmp/wm003-browser-kcmv05mo/dist/assets/tools.pure-DWLmcBDV.js                                 29.44 kB │ gzip:   9.83 kB
../../../../tmp/wm003-browser-kcmv05mo/dist/assets/default.vertex-DqE26LIp.js                             31.87 kB │ gzip:   5.47 kB
../../../../tmp/wm003-browser-kcmv05mo/dist/assets/math.color.pure-Dweur9o_.js                            76.93 kB │ gzip:  18.43 kB
../../../../tmp/wm003-browser-kcmv05mo/dist/assets/default.fragment-Bzxfwqck.js                          106.63 kB │ gzip:  21.96 kB
../../../../tmp/wm003-browser-kcmv05mo/dist/assets/default.fragment-TDArePlg.js                          114.19 kB │ gzip:  22.13 kB
../../../../tmp/wm003-browser-kcmv05mo/dist/assets/thinEngine.pure-DE4lYyY5.js                           126.08 kB │ gzip:  30.49 kB
../../../../tmp/wm003-browser-kcmv05mo/dist/assets/index-CQLNWZU-.js                                   1,048.62 kB │ gzip: 250.51 kB

✓ built in 680ms
[plugin builtin:vite-reporter] 
(!) Some chunks are larger than 500 kB after minification. Consider:
- Using dynamic import() to code-split the application
- Use build.rolldownOptions.output.codeSplitting to improve chunking: https://rolldown.rs/reference/OutputOptions.codeSplitting
- Adjust chunk size limit for this warning via build.chunkSizeWarningLimit.
{"result":"PASS","rawBytes":3964571,"gzipBytes":1119234,"assets":82,"errors":[]}
