[WebServer] (node:39) Warning: The 'NO_COLOR' env is ignored due to the 'FORCE_COLOR' env being set.
[WebServer] (Use `node --trace-warnings ...` to show where the warning was created)
[WebServer] $ vite --host 127.0.0.1 --port 4173
[WebServer] (node:54) Warning: The 'NO_COLOR' env is ignored due to the 'FORCE_COLOR' env being set.
[WebServer] (Use `node --trace-warnings ...` to show where the warning was created)

Running 2 tests using 1 worker

(node:96) Warning: The 'NO_COLOR' env is ignored due to the 'FORCE_COLOR' env being set.
(Use `node --trace-warnings ...` to show where the warning was created)
  ✘  1 [chromium] › e2e/wm002-performance.spec.ts:11:3 › parent FPS measurement 1280x720 (2ms)
(node:109) Warning: The 'NO_COLOR' env is ignored due to the 'FORCE_COLOR' env being set.
(Use `node --trace-warnings ...` to show where the warning was created)
  ✘  2 [chromium] › e2e/wm002-performance.spec.ts:11:3 › parent FPS measurement 1920x1080 (2ms)


  1) [chromium] › e2e/wm002-performance.spec.ts:11:3 › parent FPS measurement 1280x720 ─────────────

    Error: browserType.launch: Failed to launch: Error: spawn /workspace/scratch/bb63ed1d5d6d/wm003-baseline-browsers/chrome-headless-shell-linux64/chrome-headless-shell EACCES
    Call log:
      - <launching> /workspace/scratch/bb63ed1d5d6d/wm003-baseline-browsers/chrome-headless-shell-linux64/chrome-headless-shell --disable-field-trial-config --disable-background-networking --disable-background-timer-throttling --disable-backgrounding-occluded-windows --disable-back-forward-cache --disable-breakpad --disable-client-side-phishing-detection --disable-component-extensions-with-background-pages --disable-component-update --no-default-browser-check --disable-default-apps --disable-dev-shm-usage --disable-edgeupdater --disable-extensions --disable-features=AvoidUnnecessaryBeforeUnloadCheckSync,DestroyProfileOnBrowserClose,DialMediaRouteProvider,GlobalMediaControls,HttpsUpgrades,LensOverlay,MediaRouter,PaintHolding,ThirdPartyStoragePartitioning,BlockOriginHeaderModificationOnRedirect,Translate,AutoDeElevate,OptimizationHints,msForceBrowserSignIn,msEdgeUpdateLaunchServicesPreferredVersion --enable-features=CDPScreenshotNewSurface --allow-pre-commit-input --disable-hang-monitor --disable-ipc-flooding-protection --disable-popup-blocking --disable-prompt-on-repost --disable-renderer-backgrounding --disable-updater-scheduler --force-color-profile=srgb --metrics-recording-only --no-first-run --password-store=basic --use-mock-keychain --no-service-autorun --export-tagged-pdf --disable-search-engine-choice-screen --unsafely-disable-devtools-self-xss-warnings --edge-skip-compat-layer-relaunch --disable-infobars --disable-search-engine-choice-screen --disable-sync --enable-unsafe-swiftshader --headless --hide-scrollbars --mute-audio --blink-settings=primaryHoverType=2,availableHoverTypes=2,primaryPointerType=4,availablePointerTypes=4 --no-sandbox --user-data-dir=/tmp/playwright_chromiumdev_profile-5jOLbc --remote-debugging-pipe --no-startup-window
      - [pid=N/A] starting temporary directories cleanup
      - [pid=N/A] finished temporary directories cleanup


    Error Context: test-results/wm002-performance-parent-FPS-measurement-1280x720-chromium/error-context.md

    attachment #2: trace (application/zip) ─────────────────────────────────────────────────────────
    test-results/wm002-performance-parent-FPS-measurement-1280x720-chromium/trace.zip
    Usage:

        pnpm exec playwright show-trace test-results/wm002-performance-parent-FPS-measurement-1280x720-chromium/trace.zip

    ────────────────────────────────────────────────────────────────────────────────────────────────

  2) [chromium] › e2e/wm002-performance.spec.ts:11:3 › parent FPS measurement 1920x1080 ────────────

    Error: browserType.launch: Failed to launch: Error: spawn /workspace/scratch/bb63ed1d5d6d/wm003-baseline-browsers/chrome-headless-shell-linux64/chrome-headless-shell EACCES
    Call log:
      - <launching> /workspace/scratch/bb63ed1d5d6d/wm003-baseline-browsers/chrome-headless-shell-linux64/chrome-headless-shell --disable-field-trial-config --disable-background-networking --disable-background-timer-throttling --disable-backgrounding-occluded-windows --disable-back-forward-cache --disable-breakpad --disable-client-side-phishing-detection --disable-component-extensions-with-background-pages --disable-component-update --no-default-browser-check --disable-default-apps --disable-dev-shm-usage --disable-edgeupdater --disable-extensions --disable-features=AvoidUnnecessaryBeforeUnloadCheckSync,DestroyProfileOnBrowserClose,DialMediaRouteProvider,GlobalMediaControls,HttpsUpgrades,LensOverlay,MediaRouter,PaintHolding,ThirdPartyStoragePartitioning,BlockOriginHeaderModificationOnRedirect,Translate,AutoDeElevate,OptimizationHints,msForceBrowserSignIn,msEdgeUpdateLaunchServicesPreferredVersion --enable-features=CDPScreenshotNewSurface --allow-pre-commit-input --disable-hang-monitor --disable-ipc-flooding-protection --disable-popup-blocking --disable-prompt-on-repost --disable-renderer-backgrounding --disable-updater-scheduler --force-color-profile=srgb --metrics-recording-only --no-first-run --password-store=basic --use-mock-keychain --no-service-autorun --export-tagged-pdf --disable-search-engine-choice-screen --unsafely-disable-devtools-self-xss-warnings --edge-skip-compat-layer-relaunch --disable-infobars --disable-search-engine-choice-screen --disable-sync --enable-unsafe-swiftshader --headless --hide-scrollbars --mute-audio --blink-settings=primaryHoverType=2,availableHoverTypes=2,primaryPointerType=4,availablePointerTypes=4 --no-sandbox --user-data-dir=/tmp/playwright_chromiumdev_profile-P1d3dH --remote-debugging-pipe --no-startup-window
      - [pid=N/A] starting temporary directories cleanup
      - [pid=N/A] finished temporary directories cleanup


    Error Context: test-results/wm002-performance-parent-FPS-measurement-1920x1080-chromium/error-context.md

    attachment #2: trace (application/zip) ─────────────────────────────────────────────────────────
    test-results/wm002-performance-parent-FPS-measurement-1920x1080-chromium/trace.zip
    Usage:

        pnpm exec playwright show-trace test-results/wm002-performance-parent-FPS-measurement-1920x1080-chromium/trace.zip

    ────────────────────────────────────────────────────────────────────────────────────────────────

  2 failed
    [chromium] › e2e/wm002-performance.spec.ts:11:3 › parent FPS measurement 1280x720 ──────────────
    [chromium] › e2e/wm002-performance.spec.ts:11:3 › parent FPS measurement 1920x1080 ─────────────
