$ vitest run

[1m[30m[46m RUN [49m[39m[22m [36mv5.0.0 [39m[90mD:/a/Webmaster/Webmaster/candidate[39m

 [32m✓[39m tests/actions.test.ts [2m([22m[2m15 tests[22m[2m)[22m[32m 21[2mms[22m[39m
 [32m✓[39m tests/save.test.ts [2m([22m[2m15 tests[22m[2m)[22m[32m 23[2mms[22m[39m
 [32m✓[39m tests/swing.test.ts [2m([22m[2m14 tests[22m[2m)[22m[33m 352[2mms[22m[39m
 [32m✓[39m tests/remediation.test.ts [2m([22m[2m24 tests[22m[2m)[22m[32m 104[2mms[22m[39m
 [32m✓[39m tests/traversal.test.ts [2m([22m[2m96 tests[22m[2m)[22m[33m 793[2mms[22m[39m
 [32m✓[39m tests/motion.test.ts [2m([22m[2m5 tests[22m[2m)[22m[32m 12[2mms[22m[39m
 [32m✓[39m tests/settings.test.ts [2m([22m[2m3 tests[22m[2m)[22m[32m 5[2mms[22m[39m
 [32m✓[39m tests/course.test.ts [2m([22m[2m32 tests[22m[2m)[22m[33m 2437[2mms[22m[39m
   [32m✓[39m WM004 actual connected course and street recovery [2m(27)[22m
     [33m[2m✓[22m[39m earns all twenty anchors and finish using real physics at 0.016666666666666666[33m 591[2mms[22m[39m
     [33m[2m✓[22m[39m earns all twenty anchors and finish using real physics at 0.03333333333333333[33m 326[2mms[22m[39m
     [33m[2m✓[22m[39m earns all twenty anchors and finish using real physics at 0.008333333333333333[33m 319[2mms[22m[39m
     [33m[2m✓[22m[39m earns all twenty anchors and finish using real physics at 0.012[33m 303[2mms[22m[39m

[2m Test Files [22m [1m[32m8 passed[39m[22m[90m (8)[39m
[2m      Tests [22m [1m[32m204 passed[39m[22m[90m (204)[39m
[2m   Start at [22m 13:02:07
[2m   Duration [22m 3.43s[2m (tests 81%, transform 12%, import 6%, worker 1%)[22m

[2m    Isolate [22m [33m8 workers spawned[39m[2m · ~197ms startup each (spawn + environment, per file)[22m
[2m            [22m [2mat least ~328ms faster with [22m[33misolate: false[39m[2m — reuses workers across files instead of one per file[22m

