(node:10036) ExperimentalWarning: stripTypeScriptTypes is an experimental feature and might change at any time
(Use `node --trace-warnings ...` to show where the warning was created)
node:internal/modules/run_main:107
    triggerUncaughtException(
    ^

AssertionError [ERR_ASSERTION]: Expected values to be strictly deep-equal:
+ actual - expected

  {
+   x: -0,
-   x: 0,
    y: 0,
    z: 0
  }

    at file:///D:/a/Webmaster/Webmaster/candidate/scripts/wm004-compiled.mjs:66:135 {
  generatedMessage: true,
  code: 'ERR_ASSERTION',
  actual: { x: -0, y: 0, z: 0 },
  expected: { x: 0, y: 0, z: 0 },
  operator: 'deepStrictEqual',
  diff: 'simple'
}

Node.js v24.19.0
