{"name":"baseline","round":0,"width":1280,"height":720,"source":"3962446ca00c6e1db6bd8b250335b24619a0aeab","tree":"f1c808a922c4cd7b96c87b519e72d1ed60d71a4c","browser":"153.0.8010.12","gpu":{"renderer":"ANGLE (Google, Vulkan 1.3.0 (SwiftShader Device (Subzero) (0x0000C0DE)), SwiftShader driver)","vendor":"Google Inc. (Google)","canvas":[581,327]},"elapsedMs":12016.199999999997,"fps":36.866896356585286,"minimum":36,"oneSecondFps":[37,36,38,36,37,37,37,37,36,37,38,37],"errors":[]}
{"name":"candidate","round":0,"width":1280,"height":720,"source":"87ae3cda98221e3339aaf3a88610c93e3938ae28","tree":"c87658f8d40edcca7b1e1e6b4a3e8c3c6cb99a20","browser":"153.0.8010.12","gpu":{"renderer":"ANGLE (Google, Vulkan 1.3.0 (SwiftShader Device (Subzero) (0x0000C0DE)), SwiftShader driver)","vendor":"Google Inc. (Google)","canvas":[568,320]},"elapsedMs":12032.8,"fps":23.35283558274051,"minimum":22,"oneSecondFps":[24,25,24,23,23,24,23,23,24,22,23,23],"errors":[]}
{"name":"candidate","round":1,"width":1280,"height":720,"source":"87ae3cda98221e3339aaf3a88610c93e3938ae28","tree":"c87658f8d40edcca7b1e1e6b4a3e8c3c6cb99a20","browser":"153.0.8010.12","gpu":{"renderer":"ANGLE (Google, Vulkan 1.3.0 (SwiftShader Device (Subzero) (0x0000C0DE)), SwiftShader driver)","vendor":"Google Inc. (Google)","canvas":[568,320]},"elapsedMs":12016.2,"fps":23.135433830994824,"minimum":22,"oneSecondFps":[24,23,24,23,23,23,23,24,22,23,23,23],"errors":[]}
{"name":"baseline","round":1,"width":1280,"height":720,"source":"3962446ca00c6e1db6bd8b250335b24619a0aeab","tree":"f1c808a922c4cd7b96c87b519e72d1ed60d71a4c","browser":"153.0.8010.12","gpu":{"renderer":"ANGLE (Google, Vulkan 1.3.0 (SwiftShader Device (Subzero) (0x0000C0DE)), SwiftShader driver)","vendor":"Google Inc. (Google)","canvas":[640,360]},"elapsedMs":12016.199999999999,"fps":32.37296316639204,"minimum":32,"oneSecondFps":[33,32,32,32,32,33,32,33,32,33,33,32],"errors":[]}
{"name":"baseline","round":0,"width":1920,"height":1080,"source":"3962446ca00c6e1db6bd8b250335b24619a0aeab","tree":"f1c808a922c4cd7b96c87b519e72d1ed60d71a4c","browser":"153.0.8010.12","gpu":{"renderer":"ANGLE (Google, Vulkan 1.3.0 (SwiftShader Device (Subzero) (0x0000C0DE)), SwiftShader driver)","vendor":"Google Inc. (Google)","canvas":[853,480]},"elapsedMs":12032.8,"fps":21.108968818562598,"minimum":20,"oneSecondFps":[22,21,22,21,21,21,21,21,21,21,20,22],"errors":[]}
{"name":"candidate","round":0,"width":1920,"height":1080,"source":"87ae3cda98221e3339aaf3a88610c93e3938ae28","tree":"c87658f8d40edcca7b1e1e6b4a3e8c3c6cb99a20","browser":"153.0.8010.12","gpu":{"renderer":"ANGLE (Google, Vulkan 1.3.0 (SwiftShader Device (Subzero) (0x0000C0DE)), SwiftShader driver)","vendor":"Google Inc. (Google)","canvas":[853,480]},"elapsedMs":12049.499999999998,"fps":11.95070334868667,"minimum":11,"oneSecondFps":[13,11,12,12,12,12,12,12,12,12,12,12],"errors":[]}
{"name":"candidate","round":1,"width":1920,"height":1080,"source":"87ae3cda98221e3339aaf3a88610c93e3938ae28","tree":"c87658f8d40edcca7b1e1e6b4a3e8c3c6cb99a20","browser":"153.0.8010.12","gpu":{"renderer":"ANGLE (Google, Vulkan 1.3.0 (SwiftShader Device (Subzero) (0x0000C0DE)), SwiftShader driver)","vendor":"Google Inc. (Google)","canvas":[853,480]},"elapsedMs":12032.8,"fps":11.801077056046806,"minimum":11,"oneSecondFps":[12,12,12,12,12,11,12,12,12,11,12,12],"errors":[]}
{"name":"baseline","round":1,"width":1920,"height":1080,"source":"3962446ca00c6e1db6bd8b250335b24619a0aeab","tree":"f1c808a922c4cd7b96c87b519e72d1ed60d71a4c","browser":"153.0.8010.12","gpu":{"renderer":"ANGLE (Google, Vulkan 1.3.0 (SwiftShader Device (Subzero) (0x0000C0DE)), SwiftShader driver)","vendor":"Google Inc. (Google)","canvas":[853,480]},"elapsedMs":12032.9,"fps":22.189164706762295,"minimum":21,"oneSecondFps":[22,21,22,21,22,23,22,23,22,23,23,23],"errors":[]}
[{"width":1280,"candidate":23.24413470686767,"baseline":34.61992976148866,"ratio":0.6714090660208251,"software":true,"candidateFloor":false,"baselineFloor":true,"noMaterialRegression":false,"pass":false},{"width":1920,"candidate":11.875890202366737,"baseline":21.649066762662446,"ratio":0.5485636093491457,"software":true,"candidateFloor":false,"baselineFloor":false,"noMaterialRegression":false,"pass":false}]
node:internal/modules/run_main:107
    triggerUncaughtException(
    ^

AssertionError [ERR_ASSERTION]: Expected values to be strictly equal:

'NOT_PASS' !== 'PASS'

    at file:///D:/a/Webmaster/Webmaster/candidate/scripts/wm004-performance.mjs:39:132 {
  generatedMessage: true,
  code: 'ERR_ASSERTION',
  actual: 'NOT_PASS',
  expected: 'PASS',
  operator: 'strictEqual',
  diff: 'simple'
}

Node.js v24.19.0
