$ vitest run

[1m[30m[46m RUN [49m[39m[22m [36mv5.0.0 [39m[90mD:/a/Webmaster/Webmaster/candidate[39m

 [32m✓[39m tests/actions.test.ts [2m([22m[2m16 tests[22m[2m)[22m[32m 14[2mms[22m[39m
 [32m✓[39m tests/swing.test.ts [2m([22m[2m14 tests[22m[2m)[22m[32m 206[2mms[22m[39m
 [32m✓[39m tests/save.test.ts [2m([22m[2m16 tests[22m[2m)[22m[32m 16[2mms[22m[39m
 [32m✓[39m tests/combat.test.ts [2m([22m[2m21 tests[22m[2m)[22m[32m 22[2mms[22m[39m
 [32m✓[39m tests/traversal.test.ts [2m([22m[2m96 tests[22m[2m)[22m[33m 498[2mms[22m[39m
 [32m✓[39m tests/remediation.test.ts [2m([22m[2m24 tests[22m[2m)[22m[32m 63[2mms[22m[39m
 [32m✓[39m tests/playtest-followup.test.ts [2m([22m[2m8 tests[22m[2m)[22m[32m 14[2mms[22m[39m
[90mstdout[2m | tests/wm005-shadow-review.test.ts[2m > [22m[2mlower joint tessellation preserves the accepted contact envelope and smooth unit normals
[22m[39mBJS - [03:19:28]: Babylon.js v9.26.0 - Null engine

[90mstdout[2m | tests/wm005-shadow-review.test.ts[2m > [22m[2mopaque low-poly shadow follows the rounded costume while remaining excluded from the camera
[22m[39mBJS - [03:19:28]: Babylon.js v9.26.0 - Null engine

 [32m✓[39m tests/wm005-shadow-review.test.ts [2m([22m[2m2 tests[22m[2m)[22m[32m 66[2mms[22m[39m
 [32m✓[39m tests/motion.test.ts [2m([22m[2m5 tests[22m[2m)[22m[32m 8[2mms[22m[39m
 [32m✓[39m tests/street-visual.test.ts [2m([22m[2m2 tests[22m[2m)[22m[33m 913[2mms[22m[39m
   [32m✓[39m WM004 bounded opaque street rendering [2m(2)[22m
     [33m[2m✓[22m[39m covers the entire unchanged solid exactly once, with no overlapping depth layers or holes[33m 892[2mms[22m[39m
 [32m✓[39m tests/wm005-ceiling-reverse-review.test.ts [2m([22m[2m2 tests[22m[2m)[22m[32m 21[2mms[22m[39m
 [32m✓[39m tests/settings.test.ts [2m([22m[2m4 tests[22m[2m)[22m[32m 6[2mms[22m[39m
 [32m✓[39m tests/wm005-geometry-review.test.ts [2m([22m[2m1 test[22m[2m)[22m[32m 11[2mms[22m[39m
 [32m✓[39m tests/presentation-clearance.test.ts [2m([22m[2m3 tests[22m[2m)[22m[32m 5[2mms[22m[39m
 [32m✓[39m tests/wm005-review-regression.test.ts [2m([22m[2m2 tests[22m[2m)[22m[32m 10[2mms[22m[39m
 [32m✓[39m tests/course.test.ts [2m([22m[2m37 tests[22m[2m)[22m[33m 4379[2mms[22m[39m
   [32m✓[39m WM004 actual connected course and street recovery [2m(29)[22m
     [33m[2m✓[22m[39m earns all twenty anchors and finish using real physics at 0.016666666666666666[33m 636[2mms[22m[39m
     [33m[2m✓[22m[39m earns all twenty anchors and finish using real physics at 0.03333333333333333[33m 517[2mms[22m[39m
     [33m[2m✓[22m[39m earns all twenty anchors and finish using real physics at 0.008333333333333333[33m 516[2mms[22m[39m
     [33m[2m✓[22m[39m earns all twenty anchors and finish using real physics at 0.012[33m 456[2mms[22m[39m
     [33m[2m✓[22m[39m misses a ring, walks and climbs from street, then rejoins and earns all20 using real physics at 0.016666666666666666[33m 547[2mms[22m[39m
     [33m[2m✓[22m[39m misses a ring, walks and climbs from street, then rejoins and earns all20 using real physics at 0.03333333333333333[33m 614[2mms[22m[39m
     [33m[2m✓[22m[39m misses a ring, walks and climbs from street, then rejoins and earns all20 using real physics at 0.012[33m 397[2mms[22m[39m
 [32m✓[39m tests/wm005.test.ts [2m([22m[2m178 tests[22m[2m)[22m[33m 4285[2mms[22m[39m
   [32m✓[39m WM005 genuine continuous circuit [2m(5)[22m
     [33m[2m✓[22m[39m earns two laps including final-to-first using ordinary inputs 0.016666666666666666[33m 1205[2mms[22m[39m
     [33m[2m✓[22m[39m earns two laps including final-to-first using ordinary inputs 0.03333333333333333[33m 1097[2mms[22m[39m
     [33m[2m✓[22m[39m earns two laps including final-to-first using ordinary inputs 0.008333333333333333[33m 984[2mms[22m[39m
     [33m[2m✓[22m[39m earns two laps including final-to-first using ordinary inputs 0.012[33m 768[2mms[22m[39m

[2m Test Files [22m [1m[32m17 passed[39m[22m[90m (17)[39m
[2m      Tests [22m [1m[32m431 passed[39m[22m[90m (431)[39m
[2m   Start at [22m 03:19:26
[2m   Duration [22m 5.35s[2m (tests 88%, import 7%, transform 5%, worker 1%)[22m

[2m    Isolate [22m [33m17 workers spawned[39m[2m · ~141ms startup each (spawn + environment, per file)[22m
[2m            [22m [2mat least ~660ms faster with [22m[33misolate: false[39m[2m — reuses workers across files instead of one per file[22m

