
Running 53 tests using 1 worker

  ok  1 [chromium] › e2e\wm003-remediation.spec.ts:22:1 › WM003 R1 genuine roof2 checkpoint and manual save survive reload (18.3s)
  ok  2 [chromium] › e2e\wm003-remediation.spec.ts:77:1 › WM003 R1 standing on dynamic step still disables both save actions (5.5s)
  ok  3 [chromium] › e2e\wm005-climb.spec.ts:7:30 › WM005 unmarked east facade street-to-roof keyboard-mouse (19.4s)
  ok  4 [chromium] › e2e\wm005-climb.spec.ts:7:30 › WM005 unmarked east facade street-to-roof semantic-controller (30.0s)
  ok  5 [chromium] › e2e\wm005-climb.spec.ts:21:30 › WM005 visible face-up head-first ceiling and challenge top-out keyboard-mouse (30.2s)
  ok  6 [chromium] › e2e\wm005-climb.spec.ts:21:30 › WM005 visible face-up head-first ceiling and challenge top-out semantic-controller (38.0s)
  ok  7 [chromium] › e2e\wm006-refresh-current-course.spec.ts:55:31 › WM005 two complete circuit laps plus ground recovery keyboard-mouse (4.6m)
  ok  8 [chromium] › e2e\wm006-refresh-current-course.spec.ts:55:31 › WM005 two complete circuit laps plus ground recovery semantic-controller (5.7m)
  ok  9 [chromium] › e2e\wm006-refresh-current-course.spec.ts:67:1 › WM005 street safe save reopen Continue preserves position and generations (12.4s)
  ok 10 [chromium] › e2e\wm006-refresh-current-course.spec.ts:81:60 › WM005 insufficient momentum vertical orbit keyboard-mouse (39.1s)
  ok 11 [chromium] › e2e\wm006-refresh-current-course.spec.ts:81:60 › WM005 sufficient momentum vertical orbit keyboard-mouse (25.4s)
  ok 12 [chromium] › e2e\wm006-refresh-current-course.spec.ts:81:60 › WM005 insufficient momentum vertical orbit semantic-controller (43.4s)
  ok 13 [chromium] › e2e\wm006-refresh-current-course.spec.ts:81:60 › WM005 sufficient momentum vertical orbit semantic-controller (30.0s)
  ok 14 [chromium] › e2e\wm006-refresh-current-course.spec.ts:99:30 › WM005 held web survives rooftop contact keyboard-mouse (11.8s)
  ok 15 [chromium] › e2e\wm006-refresh-current-course.spec.ts:99:30 › WM005 held web survives rooftop contact semantic-controller (15.6s)
  ok 16 [chromium] › e2e\wm006-refresh-wm001.spec.ts:166:3 › WM-001 rendered keyboard and mouse journey › moves, jumps, orbits, recenters, collides, pauses safely, and completes the real practice route (19.0s)
  ok 17 [chromium] › e2e\wm006-refresh-wm001.spec.ts:284:3 › WM-001 rendered keyboard and mouse journey › recovers outside the bounded street, reduces health, and performs a clean zero-health retry (7.6s)
  ok 18 [chromium] › e2e\wm006-refresh-wm001.spec.ts:298:3 › WM-001 rendered keyboard and mouse journey › explains and enforces safe-state saving while airborne (6.2s)
  ok 19 [chromium] › e2e\wm006-refresh-wm001.spec.ts:319:3 › WM-001 rendered simulated Gamepad journey › uses gamepad alone for new game, movement, camera, pause, save, save-and-quit, Continue, and Load (15.2s)
  ok 20 [chromium] › e2e\wm006-refresh-wm001.spec.ts:378:3 › WM-001 rendered simulated Gamepad journey › disconnect releases motion and reconnect requires neutral then fresh input (5.8s)
  ok 21 [chromium] › e2e\wm006-refresh-wm001.spec.ts:409:3 › WM-001 rendered simulated Gamepad journey › shows PlayStation-style prompts without changing standard semantic actions (2.9s)
  ok 22 [chromium] › e2e\wm006-refresh-wm001.spec.ts:417:3 › WM-001 rendered simulated Gamepad journey › operates persisted main and pause settings without mouse or typing (12.1s)
  ok 23 [chromium] › e2e\wm006-refresh-wm001.spec.ts:458:3 › WM-001 controller remediation lifecycle (simulated Gamepad API) › makes exposure, release, ready, HUD status, and local copy diagnostics persistent (9.6s)
  ok 24 [chromium] › e2e\wm006-refresh-wm001.spec.ts:493:3 › WM-001 controller remediation lifecycle (simulated Gamepad API) › keeps keyboard available when the Gamepad API is unavailable (1.8s)
  ok 25 [chromium] › e2e\wm006-refresh-wm001.spec.ts:507:3 › WM-001 controller remediation lifecycle (simulated Gamepad API) › rejects an unsupported mapping visibly while keyboard remains available (1.9s)
  ok 26 [chromium] › e2e\wm006-refresh-wm001.spec.ts:519:3 › WM-001 controller remediation lifecycle (simulated Gamepad API) › selects active index 1 over idle index 0 and ignores noisy extra axes (3.8s)
  ok 27 [chromium] › e2e\wm006-refresh-wm001.spec.ts:543:3 › WM-001 controller remediation lifecycle (simulated Gamepad API) › supports connection after load, disconnect cleanup, keyboard fallback, and deliberate replacement (6.6s)
  ok 28 [chromium] › e2e\wm006-refresh-wm001.spec.ts:585:3 › WM-001 controller remediation lifecycle (simulated Gamepad API) › cleans up held movement on blur/focus and requires neutral then fresh input (5.3s)
  ok 29 [chromium] › e2e\wm006-refresh-wm001.spec.ts:612:3 › WM-001 controller remediation lifecycle (simulated Gamepad API) › keeps controller status and local diagnostics usable at a representative iPad landscape viewport (5.7s)
  ok 30 [chromium] › e2e\wm006-refresh-wm001.spec.ts:632:1 › keeps occupied-slot bytes unchanged when replacement is cancelled (9.9s)
  ok 31 [chromium] › e2e\wm006-refresh-wm001.spec.ts:649:1 › keeps the prior committed save and remains paused when Save & Quit write fails (7.1s)
  ok 32 [chromium] › e2e\wm006-refresh-wm001.spec.ts:671:1 › loads only the prior commit after pointer verification fails, then permits a clean retry (12.2s)
  ok 33 [chromium] › e2e\wm006-refresh-wm001.spec.ts:730:1 › renders storage-unavailable records explicitly and refuses destructive replacement (8.1s)
  ok 34 [chromium] › e2e\wm006-refresh-wm001.spec.ts:762:1 › remains controllable under a second real-time CPU/frame profile (7.4s)
  ok 35 [chromium] › e2e\wm006-refresh-wm001.spec.ts:787:1 › persists a Hard run after closing and reopening the same browser profile and exact origin (11.0s)
  ok 36 [chromium] › e2e\wm006-refresh-wm001.spec.ts:839:1 › labels corrupt and incompatible save fixtures without hiding valid choices (3.6s)
  ok 37 [chromium] › e2e\wm006-refresh-wm002.spec.ts:70:1 › WM-002 keyboard continuous four-gap route, safe save and same-origin reopen (30.8s)
  ok 38 [chromium] › e2e\wm006-refresh-wm002.spec.ts:229:1 › WM-002 simulated PlayStation controller-only complete route and safe save/load (45.5s)
  ok 39 [chromium] › e2e\wm006-refresh-wm002.spec.ts:268:1 › WM-002 targeted anchor, unsafe save, pause, focus, fall recovery, invalid finish and replay cleanup (14.6s)
  ok 40 [chromium] › e2e\wm006-refresh-wm002.spec.ts:334:1 › WM-002 LT disconnect clears web, reconnect needs neutral and diagnostics retain swing mapping (10.4s)
  ok 41 [chromium] › e2e\wm006-refresh-wm002.spec.ts:376:3 › WM-002 continuous keyboard route under near-30fps render schedule (26.7s)
  ok 42 [chromium] › e2e\wm006-refresh-wm002.spec.ts:376:3 › WM-002 continuous keyboard route under uneven render schedule (27.2s)
  ok 43 [chromium] › e2e\wm006-refresh-wm002.spec.ts:424:1 › WM-002 repeated pause, replay, save and load keeps runtime resources bounded (27.3s)
  ok 44 [chromium] › e2e\wm006-refresh-wm003.spec.ts:20:1 › WM003 ordinary keyboard combined swing climb ceiling pull route (50.3s)
  ok 45 [chromium] › e2e\wm006-refresh-wm003.spec.ts:59:1 › WM003 simulated PlayStation complete route, controller pause save load and keyboard fallback (50.3s)
  ok 46 [chromium] › e2e\wm006-refresh-wm003.spec.ts:123:3 › WM003 loads exact historical WM-001 writer records without changing old generations (2.5s)
  ok 47 [chromium] › e2e\wm006-refresh-wm003.spec.ts:123:3 › WM003 loads exact historical WM-002 writer records without changing old generations (2.1s)
  ok 48 [chromium] › e2e\wm006-refresh-wm003.spec.ts:167:1 › WM003 historical WM002 save to full swing plus climb route, safe save and real browser close/reopen (55.7s)
  ok 49 [chromium] › e2e\wm006-refresh-wm003.spec.ts:282:1 › WM003 negative lifecycle probes: wall pause focus pull interruption heavy feedback and blocked web (21.2s)
  ok 50 [chromium] › e2e\wm006-refresh-wm003.spec.ts:411:1 › WM003 RB and LB disconnect cleanup with neutral reconnect and keyboard fallback (8.2s)
  ok 51 [chromium] › e2e\wm006-refresh-wm003.spec.ts:558:3 › WM003 complete route under near-30 rendered timing (32.4s)
  ok 52 [chromium] › e2e\wm006-refresh-wm003.spec.ts:558:3 › WM003 complete route under uneven rendered timing (33.6s)
  ok 53 [chromium] › e2e\wm006-refresh-wm003.spec.ts:615:1 › WM003 repeated replay pause save load clears transients and bounds resources (31.7s)

  Slow test file: [chromium] › e2e\wm006-refresh-current-course.spec.ts (13.2m)
  Consider running tests from slow files in parallel. See: https://playwright.dev/docs/test-parallel
  53 passed (26.2m)
