
Running 53 tests using 1 worker

  x   1 [chromium] › e2e\wm003-remediation.spec.ts:22:1 › WM003 R1 genuine roof2 checkpoint and manual save survive reload (54.2s)
  ok  2 [chromium] › e2e\wm003-remediation.spec.ts:77:1 › WM003 R1 standing on dynamic step still disables both save actions (28.2s)
  ok  3 [chromium] › e2e\wm005-climb.spec.ts:7:30 › WM005 unmarked east facade street-to-roof keyboard-mouse (1.4m)
  ok  4 [chromium] › e2e\wm005-climb.spec.ts:7:30 › WM005 unmarked east facade street-to-roof semantic-controller (39.0s)
  ok  5 [chromium] › e2e\wm005-climb.spec.ts:21:30 › WM005 visible face-up head-first ceiling and challenge top-out keyboard-mouse (36.5s)
  ok  6 [chromium] › e2e\wm005-climb.spec.ts:21:30 › WM005 visible face-up head-first ceiling and challenge top-out semantic-controller (49.5s)
  ok  7 [chromium] › e2e\wm006-refresh-current-course.spec.ts:55:31 › WM005 two complete circuit laps plus ground recovery keyboard-mouse (4.7m)
  ok  8 [chromium] › e2e\wm006-refresh-current-course.spec.ts:55:31 › WM005 two complete circuit laps plus ground recovery semantic-controller (5.7m)
  ok  9 [chromium] › e2e\wm006-refresh-current-course.spec.ts:67:1 › WM005 street safe save reopen Continue preserves position and generations (14.9s)
  ok 10 [chromium] › e2e\wm006-refresh-current-course.spec.ts:81:60 › WM005 insufficient momentum vertical orbit keyboard-mouse (51.6s)
  x  11 [chromium] › e2e\wm006-refresh-current-course.spec.ts:81:60 › WM005 sufficient momentum vertical orbit keyboard-mouse (48.3s)
  ok 12 [chromium] › e2e\wm006-refresh-current-course.spec.ts:81:60 › WM005 insufficient momentum vertical orbit semantic-controller (56.2s)
  ok 13 [chromium] › e2e\wm006-refresh-current-course.spec.ts:81:60 › WM005 sufficient momentum vertical orbit semantic-controller (45.5s)
  ok 14 [chromium] › e2e\wm006-refresh-current-course.spec.ts:99:30 › WM005 held web survives rooftop contact keyboard-mouse (13.8s)
  ok 15 [chromium] › e2e\wm006-refresh-current-course.spec.ts:99:30 › WM005 held web survives rooftop contact semantic-controller (17.0s)
  ok 16 [chromium] › e2e\wm006-refresh-wm001.spec.ts:166:3 › WM-001 rendered keyboard and mouse journey › moves, jumps, orbits, recenters, collides, pauses safely, and completes the real practice route (22.2s)
  ok 17 [chromium] › e2e\wm006-refresh-wm001.spec.ts:284:3 › WM-001 rendered keyboard and mouse journey › recovers outside the bounded street, reduces health, and performs a clean zero-health retry (8.9s)
  ok 18 [chromium] › e2e\wm006-refresh-wm001.spec.ts:298:3 › WM-001 rendered keyboard and mouse journey › explains and enforces safe-state saving while airborne (9.6s)
  ok 19 [chromium] › e2e\wm006-refresh-wm001.spec.ts:319:3 › WM-001 rendered simulated Gamepad journey › uses gamepad alone for new game, movement, camera, pause, save, save-and-quit, Continue, and Load (18.5s)
  ok 20 [chromium] › e2e\wm006-refresh-wm001.spec.ts:378:3 › WM-001 rendered simulated Gamepad journey › disconnect releases motion and reconnect requires neutral then fresh input (7.5s)
  ok 21 [chromium] › e2e\wm006-refresh-wm001.spec.ts:409:3 › WM-001 rendered simulated Gamepad journey › shows PlayStation-style prompts without changing standard semantic actions (4.5s)
  ok 22 [chromium] › e2e\wm006-refresh-wm001.spec.ts:417:3 › WM-001 rendered simulated Gamepad journey › operates persisted main and pause settings without mouse or typing (16.6s)
  ok 23 [chromium] › e2e\wm006-refresh-wm001.spec.ts:458:3 › WM-001 controller remediation lifecycle (simulated Gamepad API) › makes exposure, release, ready, HUD status, and local copy diagnostics persistent (14.1s)
  ok 24 [chromium] › e2e\wm006-refresh-wm001.spec.ts:493:3 › WM-001 controller remediation lifecycle (simulated Gamepad API) › keeps keyboard available when the Gamepad API is unavailable (3.4s)
  ok 25 [chromium] › e2e\wm006-refresh-wm001.spec.ts:507:3 › WM-001 controller remediation lifecycle (simulated Gamepad API) › rejects an unsupported mapping visibly while keyboard remains available (3.4s)
  ok 26 [chromium] › e2e\wm006-refresh-wm001.spec.ts:519:3 › WM-001 controller remediation lifecycle (simulated Gamepad API) › selects active index 1 over idle index 0 and ignores noisy extra axes (5.9s)
  ok 27 [chromium] › e2e\wm006-refresh-wm001.spec.ts:543:3 › WM-001 controller remediation lifecycle (simulated Gamepad API) › supports connection after load, disconnect cleanup, keyboard fallback, and deliberate replacement (8.3s)
  ok 28 [chromium] › e2e\wm006-refresh-wm001.spec.ts:585:3 › WM-001 controller remediation lifecycle (simulated Gamepad API) › cleans up held movement on blur/focus and requires neutral then fresh input (6.8s)
  ok 29 [chromium] › e2e\wm006-refresh-wm001.spec.ts:612:3 › WM-001 controller remediation lifecycle (simulated Gamepad API) › keeps controller status and local diagnostics usable at a representative iPad landscape viewport (8.8s)
  ok 30 [chromium] › e2e\wm006-refresh-wm001.spec.ts:632:1 › keeps occupied-slot bytes unchanged when replacement is cancelled (14.0s)
  ok 31 [chromium] › e2e\wm006-refresh-wm001.spec.ts:649:1 › keeps the prior committed save and remains paused when Save & Quit write fails (11.2s)
  ok 32 [chromium] › e2e\wm006-refresh-wm001.spec.ts:671:1 › loads only the prior commit after pointer verification fails, then permits a clean retry (16.5s)
  ok 33 [chromium] › e2e\wm006-refresh-wm001.spec.ts:730:1 › renders storage-unavailable records explicitly and refuses destructive replacement (12.6s)
  ok 34 [chromium] › e2e\wm006-refresh-wm001.spec.ts:762:1 › remains controllable under a second real-time CPU/frame profile (10.1s)
  ok 35 [chromium] › e2e\wm006-refresh-wm001.spec.ts:787:1 › persists a Hard run after closing and reopening the same browser profile and exact origin (15.7s)
  ok 36 [chromium] › e2e\wm006-refresh-wm001.spec.ts:839:1 › labels corrupt and incompatible save fixtures without hiding valid choices (6.2s)
  ok 37 [chromium] › e2e\wm006-refresh-wm002.spec.ts:70:1 › WM-002 keyboard continuous four-gap route, safe save and same-origin reopen (36.2s)
  ok 38 [chromium] › e2e\wm006-refresh-wm002.spec.ts:229:1 › WM-002 simulated PlayStation controller-only complete route and safe save/load (47.5s)
  ok 39 [chromium] › e2e\wm006-refresh-wm002.spec.ts:268:1 › WM-002 targeted anchor, unsafe save, pause, focus, fall recovery, invalid finish and replay cleanup (17.7s)
  ok 40 [chromium] › e2e\wm006-refresh-wm002.spec.ts:334:1 › WM-002 LT disconnect clears web, reconnect needs neutral and diagnostics retain swing mapping (11.5s)
  ok 41 [chromium] › e2e\wm006-refresh-wm002.spec.ts:376:3 › WM-002 continuous keyboard route under near-30fps render schedule (28.2s)
  ok 42 [chromium] › e2e\wm006-refresh-wm002.spec.ts:376:3 › WM-002 continuous keyboard route under uneven render schedule (28.8s)
  ok 43 [chromium] › e2e\wm006-refresh-wm002.spec.ts:424:1 › WM-002 repeated pause, replay, save and load keeps runtime resources bounded (30.5s)
  ok 44 [chromium] › e2e\wm006-refresh-wm003.spec.ts:20:1 › WM003 ordinary keyboard combined swing climb ceiling pull route (55.3s)
  ok 45 [chromium] › e2e\wm006-refresh-wm003.spec.ts:59:1 › WM003 simulated PlayStation complete route, controller pause save load and keyboard fallback (51.3s)
  ok 46 [chromium] › e2e\wm006-refresh-wm003.spec.ts:123:3 › WM003 loads exact historical WM-001 writer records without changing old generations (3.4s)
  ok 47 [chromium] › e2e\wm006-refresh-wm003.spec.ts:123:3 › WM003 loads exact historical WM-002 writer records without changing old generations (2.9s)
  x  48 [chromium] › e2e\wm006-refresh-wm003.spec.ts:167:1 › WM003 historical WM002 save to full swing plus climb route, safe save and real browser close/reopen (34.4s)
  ok 49 [chromium] › e2e\wm006-refresh-wm003.spec.ts:282:1 › WM003 negative lifecycle probes: wall pause focus pull interruption heavy feedback and blocked web (28.1s)
  ok 50 [chromium] › e2e\wm006-refresh-wm003.spec.ts:411:1 › WM003 RB and LB disconnect cleanup with neutral reconnect and keyboard fallback (10.0s)
  ok 51 [chromium] › e2e\wm006-refresh-wm003.spec.ts:558:3 › WM003 complete route under near-30 rendered timing (35.1s)
  ok 52 [chromium] › e2e\wm006-refresh-wm003.spec.ts:558:3 › WM003 complete route under uneven rendered timing (37.8s)
  ok 53 [chromium] › e2e\wm006-refresh-wm003.spec.ts:615:1 › WM003 repeated replay pause save load clears transients and bounds resources (36.4s)


  1) [chromium] › e2e\wm003-remediation.spec.ts:22:1 › WM003 R1 genuine roof2 checkpoint and manual save survive reload 

    TimeoutError: page.waitForFunction: Timeout 20000ms exceeded.

       at routes\wm003-route.ts:7

       5 |   p.evaluate(() => window.__WM_DEBUG__!.getState());
       6 | export async function wait(p: Page, fn: (s: any) => boolean, timeout = 20000) {
    >  7 |   await p.waitForFunction(
         |           ^
       8 |     ({ body }) =>
       9 |       new Function("s", `return (${body})(s)`)(window.__WM_DEBUG__!.getState()),
      10 |     { body: fn.toString() },
        at wait (D:\a\Webmaster\Webmaster\candidate\e2e\routes\wm003-route.ts:7:11)
        at D:\a\Webmaster\Webmaster\candidate\e2e\wm003-remediation.spec.ts:36:9

    attachment #1: screenshot (image/png) ──────────────────────────────────────────────────────────
    test-results-wm006\inherited\wm003-remediation-WM003-R1-f6af5--manual-save-survive-reload-chromium\test-failed-1.png
    ────────────────────────────────────────────────────────────────────────────────────────────────

    Error Context: test-results-wm006\inherited\wm003-remediation-WM003-R1-f6af5--manual-save-survive-reload-chromium\error-context.md

  2) [chromium] › e2e\wm006-refresh-current-course.spec.ts:81:60 › WM005 sufficient momentum vertical orbit keyboard-mouse 

    Error: expect(received).toBeGreaterThan(expected)

    Expected: > 6.283185307179586
    Received:   -0.2321845653828905

      92 |   }c.keys('e');return{first,total,max,reverse,frames};
      93 |  },pump);
    > 94 |  if(pump)expect(result.total).toBeGreaterThan(Math.PI*2);else{expect(result.reverse).toBe(true);expect(result.max).toBeLessThan(Math.PI*2);}
         |                               ^
      95 |  expect(result.frames.every(f=>f.state.swing.web?.anchorId==='ring-3')).toBe(true);
      96 |  await shot(page,label);await mkdir(out,{recursive:true});await writeFile(`${out}/${label}.json`,JSON.stringify({method:'Ordinary New Game and first two rooftop transfers; ring3 attached through ordinary jump/input; camera/state/time read-only; sustained actual input and angular samples',...result},null,2));
      97 |  await page.evaluate(async()=>{const c=(window as any).__wm005Controls;c.keys();await c.frame();await c.until((s:any)=>!s.swing.web,'release');});expect((await state(page)).swing.web).toBeNull();
        at D:\a\Webmaster\Webmaster\candidate\e2e\wm006-refresh-current-course.spec.ts:94:31

    attachment #1: screenshot (image/png) ──────────────────────────────────────────────────────────
    test-results-wm006\inherited\wm006-refresh-current-cour-cbc5e-rtical-orbit-keyboard-mouse-chromium\test-failed-1.png
    ────────────────────────────────────────────────────────────────────────────────────────────────

    Error Context: test-results-wm006\inherited\wm006-refresh-current-cour-cbc5e-rtical-orbit-keyboard-mouse-chromium\error-context.md

  3) [chromium] › e2e\wm006-refresh-wm003.spec.ts:167:1 › WM003 historical WM002 save to full swing plus climb route, safe save and real browser close/reopen 

    TimeoutError: page.waitForFunction: Timeout 15000ms exceeded.

       at routes\wm002-route.ts:15

      13 | }
      14 | async function stage(page: Page, n: number) {
    > 15 |   await page.waitForFunction(
         |              ^
      16 |     (n) => window.__WM_DEBUG__!.getState().skyline.stage === n,
      17 |     n,
      18 |     { timeout: 15000 },
        at stage (D:\a\Webmaster\Webmaster\candidate\e2e\routes\wm002-route.ts:15:14)
        at legacyKeyboardRoute (D:\a\Webmaster\Webmaster\candidate\e2e\routes\wm002-route.ts:103:9)
        at D:\a\Webmaster\Webmaster\candidate\e2e\wm006-refresh-wm003.spec.ts:203:5

    attachment #1: screenshot (image/png) ──────────────────────────────────────────────────────────
    test-results-wm006\inherited\wm006-refresh-wm003-WM003--7d788-d-real-browser-close-reopen-chromium\test-failed-1.png
    ────────────────────────────────────────────────────────────────────────────────────────────────

    attachment #2: screenshot (image/png) ──────────────────────────────────────────────────────────
    test-results-wm006\inherited\wm006-refresh-wm003-WM003--7d788-d-real-browser-close-reopen-chromium\test-failed-2.png
    ────────────────────────────────────────────────────────────────────────────────────────────────

    Error Context: test-results-wm006\inherited\wm006-refresh-wm003-WM003--7d788-d-real-browser-close-reopen-chromium\error-context.md

  3 failed
    [chromium] › e2e\wm003-remediation.spec.ts:22:1 › WM003 R1 genuine roof2 checkpoint and manual save survive reload 
    [chromium] › e2e\wm006-refresh-current-course.spec.ts:81:60 › WM005 sufficient momentum vertical orbit keyboard-mouse 
    [chromium] › e2e\wm006-refresh-wm003.spec.ts:167:1 › WM003 historical WM002 save to full swing plus climb route, safe save and real browser close/reopen 
  50 passed (31.5m)
