? Verifying lockfile against supply-chain policies (91 entries)...
Lockfile is up to date, resolution step is skipped
Progress: resolved 1, reused 0, downloaded 0, added 0
Packages: +47
+++++++++++++++++++++++++++++++++++++++++++++++
Progress: resolved 47, reused 0, downloaded 20, added 0
Packages are hard linked from the content-addressable store to the virtual store.
  Content-addressable store is at: D:\.pnpm-store\v11
  Virtual store is at:             node_modules/.pnpm
Progress: resolved 47, reused 0, downloaded 46, added 35
✓ Lockfile passes supply-chain policies (91 entries in 3s)
Progress: resolved 47, reused 0, downloaded 46, added 46
Progress: resolved 47, reused 0, downloaded 47, added 46
Progress: resolved 47, reused 0, downloaded 47, added 47
Progress: resolved 47, reused 0, downloaded 47, added 47, done

dependencies:
+ @babylonjs/core 9.26.0
+ @babylonjs/havok 1.3.14

devDependencies:
+ @playwright/test 1.63.0
+ @types/node 22.20.2
+ typescript 7.0.2
+ vite 8.3.0
+ vitest 5.0.0

Done in 7.5s using pnpm v11.19.0
