
Running 16 tests using 1 worker

  ok  1 [chromium] › e2e\wm005-climb.spec.ts:7:30 › WM005 unmarked east facade street-to-roof keyboard-mouse (28.3s)
  ok  2 [chromium] › e2e\wm005-climb.spec.ts:7:30 › WM005 unmarked east facade street-to-roof semantic-controller (37.8s)
  ok  3 [chromium] › e2e\wm005-climb.spec.ts:21:30 › WM005 visible face-up head-first ceiling and challenge top-out keyboard-mouse (31.9s)
  ok  4 [chromium] › e2e\wm005-climb.spec.ts:21:30 › WM005 visible face-up head-first ceiling and challenge top-out semantic-controller (39.1s)
  ok  5 [chromium] › e2e\wm005.spec.ts:54:31 › WM005 two complete circuit laps plus ground recovery keyboard-mouse (4.5m)
  ok  6 [chromium] › e2e\wm005.spec.ts:54:31 › WM005 two complete circuit laps plus ground recovery semantic-controller (5.6m)
  ok  7 [chromium] › e2e\wm005.spec.ts:61:1 › WM005 street safe save reopen Continue preserves position and generations (13.9s)
  ok  8 [chromium] › e2e\wm005.spec.ts:75:60 › WM005 insufficient momentum vertical orbit keyboard-mouse (44.2s)
  ok  9 [chromium] › e2e\wm005.spec.ts:75:60 › WM005 sufficient momentum vertical orbit keyboard-mouse (28.3s)
  ok 10 [chromium] › e2e\wm005.spec.ts:75:60 › WM005 insufficient momentum vertical orbit semantic-controller (47.8s)
  ok 11 [chromium] › e2e\wm005.spec.ts:75:60 › WM005 sufficient momentum vertical orbit semantic-controller (32.1s)
  ok 12 [chromium] › e2e\wm005.spec.ts:93:30 › WM005 held web survives rooftop contact keyboard-mouse (11.6s)
  ok 13 [chromium] › e2e\wm005.spec.ts:93:30 › WM005 held web survives rooftop contact semantic-controller (15.8s)
  ok 14 [chromium] › e2e\wm005-hero.spec.ts:10:103 › WM005 hero rear idle walking running jump and stop transitions (24.1s)
  ok 15 [chromium] › e2e\wm005-hero.spec.ts:10:103 › WM005 hero front idle walking running jump and stop transitions (29.7s)
  ok 16 [chromium] › e2e\wm005-hero.spec.ts:10:103 › WM005 hero side idle walking running jump and stop transitions (21.9s)

  Slow test file: [chromium] › e2e\wm005.spec.ts (13.4m)
  Consider running tests from slow files in parallel. See: https://playwright.dev/docs/test-parallel
  16 passed (17.0m)
