$ vitest run

[1m[30m[46m RUN [49m[39m[22m [36mv5.0.0 [39m[90mD:/a/Webmaster/Webmaster/candidate[39m

 [32m✓[39m tests/actions.test.ts [2m([22m[2m15 tests[22m[2m)[22m[32m 19[2mms[22m[39m
 [32m✓[39m tests/save.test.ts [2m([22m[2m15 tests[22m[2m)[22m[32m 21[2mms[22m[39m
 [32m✓[39m tests/swing.test.ts [2m([22m[2m14 tests[22m[2m)[22m[33m 552[2mms[22m[39m
 [32m✓[39m tests/traversal.test.ts [2m([22m[2m96 tests[22m[2m)[22m[33m 890[2mms[22m[39m
   [32m✓[39m save-safe phases and earned route state [2m(31)[22m
     [33m[2m✓[22m[39m completes genuine semantic route under {"schedule":[0.03333333333333333]} timing[33m 304[2mms[22m[39m
 [32m✓[39m tests/remediation.test.ts [2m([22m[2m24 tests[22m[2m)[22m[32m 122[2mms[22m[39m
 [32m✓[39m tests/motion.test.ts [2m([22m[2m5 tests[22m[2m)[22m[32m 11[2mms[22m[39m
 [32m✓[39m tests/street-visual.test.ts [2m([22m[2m2 tests[22m[2m)[22m[33m 1744[2mms[22m[39m
   [32m✓[39m WM004 bounded opaque street rendering [2m(2)[22m
     [33m[2m✓[22m[39m covers the entire unchanged solid exactly once, with no overlapping depth layers or holes[33m 1720[2mms[22m[39m
 [32m✓[39m tests/wm005-geometry-review.test.ts [2m([22m[2m1 test[22m[2m)[22m[32m 16[2mms[22m[39m
 [32m✓[39m tests/presentation-clearance.test.ts [2m([22m[2m3 tests[22m[2m)[22m[32m 6[2mms[22m[39m
 [32m✓[39m tests/settings.test.ts [2m([22m[2m3 tests[22m[2m)[22m[32m 7[2mms[22m[39m
 [32m✓[39m tests/wm005-review-regression.test.ts [2m([22m[2m2 tests[22m[2m)[22m[32m 15[2mms[22m[39m
 [32m✓[39m tests/course.test.ts [2m([22m[2m37 tests[22m[2m)[22m[33m 7225[2mms[22m[39m
   [32m✓[39m WM004 actual connected course and street recovery [2m(29)[22m
     [33m[2m✓[22m[39m earns all twenty anchors and finish using real physics at 0.016666666666666666[33m 1054[2mms[22m[39m
     [33m[2m✓[22m[39m earns all twenty anchors and finish using real physics at 0.03333333333333333[33m 862[2mms[22m[39m
     [33m[2m✓[22m[39m earns all twenty anchors and finish using real physics at 0.008333333333333333[33m 859[2mms[22m[39m
     [33m[2m✓[22m[39m earns all twenty anchors and finish using real physics at 0.012[33m 801[2mms[22m[39m
     [33m[2m✓[22m[39m misses a ring, walks and climbs from street, then rejoins and earns all20 using real physics at 0.016666666666666666[33m 998[2mms[22m[39m
     [33m[2m✓[22m[39m misses a ring, walks and climbs from street, then rejoins and earns all20 using real physics at 0.03333333333333333[33m 715[2mms[22m[39m
     [33m[2m✓[22m[39m misses a ring, walks and climbs from street, then rejoins and earns all20 using real physics at 0.012[33m 738[2mms[22m[39m
 [32m✓[39m tests/wm005.test.ts [2m([22m[2m178 tests[22m[2m)[22m[33m 6919[2mms[22m[39m
   [32m✓[39m WM005 genuine continuous circuit [2m(5)[22m
     [33m[2m✓[22m[39m earns two laps including final-to-first using ordinary inputs 0.016666666666666666[33m 2002[2mms[22m[39m
     [33m[2m✓[22m[39m earns two laps including final-to-first using ordinary inputs 0.03333333333333333[33m 1794[2mms[22m[39m
     [33m[2m✓[22m[39m earns two laps including final-to-first using ordinary inputs 0.008333333333333333[33m 1260[2mms[22m[39m
     [33m[2m✓[22m[39m earns two laps including final-to-first using ordinary inputs 0.012[33m 1359[2mms[22m[39m

[2m Test Files [22m [1m[32m13 passed[39m[22m[90m (13)[39m
[2m      Tests [22m [1m[32m395 passed[39m[22m[90m (395)[39m
[2m   Start at [22m 06:09:21
[2m   Duration [22m 8.48s[2m (tests 91%, import 4%, transform 4%, worker 1%)[22m

[2m    Isolate [22m [33m13 workers spawned[39m[2m · ~247ms startup each (spawn + environment, per file)[22m
[2m            [22m [2mat least ~824ms faster with [22m[33misolate: false[39m[2m — reuses workers across files instead of one per file[22m

