$ vitest run

[1m[30m[46m RUN [49m[39m[22m [36mv5.0.0 [39m[90mD:/a/Webmaster/Webmaster/candidate[39m

 [32m✓[39m tests/actions.test.ts [2m([22m[2m15 tests[22m[2m)[22m[32m 20[2mms[22m[39m
 [32m✓[39m tests/save.test.ts [2m([22m[2m15 tests[22m[2m)[22m[32m 23[2mms[22m[39m
 [32m✓[39m tests/swing.test.ts [2m([22m[2m14 tests[22m[2m)[22m[33m 370[2mms[22m[39m
 [32m✓[39m tests/remediation.test.ts [2m([22m[2m24 tests[22m[2m)[22m[32m 106[2mms[22m[39m
 [32m✓[39m tests/traversal.test.ts [2m([22m[2m96 tests[22m[2m)[22m[33m 802[2mms[22m[39m
 [32m✓[39m tests/motion.test.ts [2m([22m[2m5 tests[22m[2m)[22m[32m 11[2mms[22m[39m
 [32m✓[39m tests/settings.test.ts [2m([22m[2m3 tests[22m[2m)[22m[32m 8[2mms[22m[39m
 [32m✓[39m tests/street-visual.test.ts [2m([22m[2m2 tests[22m[2m)[22m[33m 1022[2mms[22m[39m
   [32m✓[39m WM004 bounded opaque street rendering [2m(2)[22m
     [33m[2m✓[22m[39m covers the entire unchanged solid exactly once, with no overlapping depth layers or holes[33m 994[2mms[22m[39m
 [32m✓[39m tests/course.test.ts [2m([22m[2m38 tests[22m[2m)[22m[33m 4392[2mms[22m[39m
   [32m✓[39m WM004 actual connected course and street recovery [2m(30)[22m
     [33m[2m✓[22m[39m earns all twenty anchors and finish using real physics at 0.016666666666666666[33m 782[2mms[22m[39m
     [33m[2m✓[22m[39m earns all twenty anchors and finish using real physics at 0.03333333333333333[33m 492[2mms[22m[39m
     [33m[2m✓[22m[39m earns all twenty anchors and finish using real physics at 0.008333333333333333[33m 472[2mms[22m[39m
     [33m[2m✓[22m[39m earns all twenty anchors and finish using real physics at 0.012[33m 359[2mms[22m[39m
     [33m[2m✓[22m[39m misses a ring, walks and climbs from street, then rejoins and earns all20 using real physics at 0.016666666666666666[33m 469[2mms[22m[39m
     [33m[2m✓[22m[39m misses a ring, walks and climbs from street, then rejoins and earns all20 using real physics at 0.03333333333333333[33m 460[2mms[22m[39m
     [33m[2m✓[22m[39m misses a ring, walks and climbs from street, then rejoins and earns all20 using real physics at 0.012[33m 444[2mms[22m[39m

[2m Test Files [22m [1m[32m9 passed[39m[22m[90m (9)[39m
[2m      Tests [22m [1m[32m212 passed[39m[22m[90m (212)[39m
[2m   Start at [22m 14:39:22
[2m   Duration [22m 5.42s[2m (tests 85%, transform 9%, import 5%, worker 1%)[22m

[2m    Isolate [22m [33m9 workers spawned[39m[2m · ~194ms startup each (spawn + environment, per file)[22m
[2m            [22m [2mat least ~389ms faster with [22m[33misolate: false[39m[2m — reuses workers across files instead of one per file[22m

