
Running 40 tests using 1 worker

  x   1 [chromium] › e2e\wm001.spec.ts:166:3 › WM-001 rendered keyboard and mouse journey › moves, jumps, orbits, recenters, collides, pauses safely, and completes the real practice route (29.0s)
  ok  2 [chromium] › e2e\wm001.spec.ts:270:3 › WM-001 rendered keyboard and mouse journey › recovers outside the bounded street, reduces health, and performs a clean zero-health retry (6.4s)
  ok  3 [chromium] › e2e\wm001.spec.ts:284:3 › WM-001 rendered keyboard and mouse journey › explains and enforces safe-state saving while airborne (4.1s)
  ok  4 [chromium] › e2e\wm001.spec.ts:305:3 › WM-001 rendered simulated Gamepad journey › uses gamepad alone for new game, movement, camera, pause, save, save-and-quit, Continue, and Load (14.0s)
  ok  5 [chromium] › e2e\wm001.spec.ts:364:3 › WM-001 rendered simulated Gamepad journey › disconnect releases motion and reconnect requires neutral then fresh input (5.3s)
  ok  6 [chromium] › e2e\wm001.spec.ts:395:3 › WM-001 rendered simulated Gamepad journey › shows PlayStation-style prompts without changing standard semantic actions (2.4s)
  ok  7 [chromium] › e2e\wm001.spec.ts:403:3 › WM-001 rendered simulated Gamepad journey › operates persisted main and pause settings without mouse or typing (11.2s)
  ok  8 [chromium] › e2e\wm001.spec.ts:440:3 › WM-001 controller remediation lifecycle (simulated Gamepad API) › makes exposure, release, ready, HUD status, and local copy diagnostics persistent (5.1s)
  ok  9 [chromium] › e2e\wm001.spec.ts:475:3 › WM-001 controller remediation lifecycle (simulated Gamepad API) › keeps keyboard available when the Gamepad API is unavailable (1.6s)
  ok 10 [chromium] › e2e\wm001.spec.ts:489:3 › WM-001 controller remediation lifecycle (simulated Gamepad API) › rejects an unsupported mapping visibly while keyboard remains available (1.6s)
  ok 11 [chromium] › e2e\wm001.spec.ts:501:3 › WM-001 controller remediation lifecycle (simulated Gamepad API) › selects active index 1 over idle index 0 and ignores noisy extra axes (3.1s)
  x  12 [chromium] › e2e\wm001.spec.ts:525:3 › WM-001 controller remediation lifecycle (simulated Gamepad API) › supports connection after load, disconnect cleanup, keyboard fallback, and deliberate replacement (3.8s)
  ok 13 [chromium] › e2e\wm001.spec.ts:562:3 › WM-001 controller remediation lifecycle (simulated Gamepad API) › cleans up held movement on blur/focus and requires neutral then fresh input (5.7s)
  ok 14 [chromium] › e2e\wm001.spec.ts:589:3 › WM-001 controller remediation lifecycle (simulated Gamepad API) › keeps controller status and local diagnostics usable at a representative iPad landscape viewport (3.4s)
  ok 15 [chromium] › e2e\wm001.spec.ts:609:1 › keeps occupied-slot bytes unchanged when replacement is cancelled (5.7s)
  ok 16 [chromium] › e2e\wm001.spec.ts:626:1 › keeps the prior committed save and remains paused when Save & Quit write fails (4.4s)
  ok 17 [chromium] › e2e\wm001.spec.ts:648:1 › loads only the prior commit after pointer verification fails, then permits a clean retry (8.3s)
  ok 18 [chromium] › e2e\wm001.spec.ts:707:1 › renders storage-unavailable records explicitly and refuses destructive replacement (4.5s)
  ok 19 [chromium] › e2e\wm001.spec.ts:739:1 › remains controllable under a second real-time CPU/frame profile (6.0s)
  ok 20 [chromium] › e2e\wm001.spec.ts:764:1 › persists a Hard run after closing and reopening the same browser profile and exact origin (8.4s)
  ok 21 [chromium] › e2e\wm001.spec.ts:816:1 › labels corrupt and incompatible save fixtures without hiding valid choices (2.2s)
  ok 22 [chromium] › e2e\wm002.spec.ts:126:1 › WM-002 keyboard continuous four-gap route, safe save and same-origin reopen (25.5s)
  ok 23 [chromium] › e2e\wm002.spec.ts:349:1 › WM-002 simulated PlayStation controller-only complete route and safe save/load (26.0s)
  ok 24 [chromium] › e2e\wm002.spec.ts:388:1 › WM-002 targeted anchor, unsafe save, pause, focus, fall recovery, invalid finish and replay cleanup (11.7s)
  ok 25 [chromium] › e2e\wm002.spec.ts:454:1 › WM-002 LT disconnect clears web, reconnect needs neutral and diagnostics retain swing mapping (8.9s)
  ok 26 [chromium] › e2e\wm002.spec.ts:496:3 › WM-002 continuous keyboard route under near-30fps render schedule (22.3s)
  ok 27 [chromium] › e2e\wm002.spec.ts:496:3 › WM-002 continuous keyboard route under uneven render schedule (23.3s)
  ok 28 [chromium] › e2e\wm002.spec.ts:544:1 › WM-002 repeated pause, replay, save and load keeps runtime resources bounded (26.5s)
  ok 29 [chromium] › e2e\wm003-remediation.spec.ts:22:1 › WM003 R1 genuine roof2 checkpoint and manual save survive reload (15.4s)
  ok 30 [chromium] › e2e\wm003-remediation.spec.ts:77:1 › WM003 R1 standing on dynamic step still disables both save actions (3.7s)
  ok 31 [chromium] › e2e\wm003.spec.ts:20:1 › WM003 ordinary keyboard combined swing climb ceiling pull route (47.3s)
  ok 32 [chromium] › e2e\wm003.spec.ts:59:1 › WM003 simulated PlayStation complete route, controller pause save load and keyboard fallback (47.1s)
  ok 33 [chromium] › e2e\wm003.spec.ts:123:3 › WM003 loads exact historical WM-001 writer records without changing old generations (1.9s)
  ok 34 [chromium] › e2e\wm003.spec.ts:123:3 › WM003 loads exact historical WM-002 writer records without changing old generations (1.6s)
  ok 35 [chromium] › e2e\wm003.spec.ts:167:1 › WM003 historical WM002 save to full swing plus climb route, safe save and real browser close/reopen (54.0s)
  ok 36 [chromium] › e2e\wm003.spec.ts:282:1 › WM003 negative lifecycle probes: wall pause focus pull interruption heavy feedback and blocked web (18.0s)
  ok 37 [chromium] › e2e\wm003.spec.ts:411:1 › WM003 RB and LB disconnect cleanup with neutral reconnect and keyboard fallback (6.6s)
  ok 38 [chromium] › e2e\wm003.spec.ts:558:3 › WM003 complete route under near-30 rendered timing (30.5s)
  ok 39 [chromium] › e2e\wm003.spec.ts:558:3 › WM003 complete route under uneven rendered timing (31.3s)
  x  40 [chromium] › e2e\wm003.spec.ts:615:1 › WM003 repeated replay pause save load clears transients and bounds resources (23.1s)


  1) [chromium] › e2e\wm001.spec.ts:166:3 › WM-001 rendered keyboard and mouse journey › moves, jumps, orbits, recenters, collides, pauses safely, and completes the real practice route 

    TimeoutError: page.waitForFunction: Timeout 15000ms exceeded.

      247 |     await page.waitForFunction(()=>window.__WM_DEBUG__!.getState().position.x < -3.5,null,{timeout:15000});
      248 |     await page.keyboard.up("a");await page.keyboard.down("w");
    > 249 |     await page.waitForFunction(()=>window.__WM_DEBUG__!.getState().progress===3,null,{timeout:15000});
          |                ^
      250 |     await page.keyboard.up("Shift");await page.keyboard.up("w");await page.waitForTimeout(100);
      251 |     expect((await state(page)).progress).toBe(3);
      252 |     expect((await state(page)).grounded).toBe(true);
        at D:\a\Webmaster\Webmaster\candidate\e2e\wm001.spec.ts:249:16

    attachment #1: screenshot (image/png) ──────────────────────────────────────────────────────────
    test-results-wm005\inherited\wm001-WM-001-rendered-keyb-bc063-tes-the-real-practice-route-chromium\test-failed-1.png
    ────────────────────────────────────────────────────────────────────────────────────────────────

    Error Context: test-results-wm005\inherited\wm001-WM-001-rendered-keyb-bc063-tes-the-real-practice-route-chromium\error-context.md

  2) [chromium] › e2e\wm001.spec.ts:525:3 › WM-001 controller remediation lifecycle (simulated Gamepad API) › supports connection after load, disconnect cleanup, keyboard fallback, and deliberate replacement 

    Error: expect(received).toEqual(expected) // deep equality

    - Expected  - 1
    + Received  + 1

      Object {
        "x": -1.2756737491118264e-16,
        "y": 0,
    -   "z": -6.04666666666667,
    +   "z": -6.02166666666667,
      }

      541 |     const disconnectedAt = (await state(page)).position;
      542 |     await page.waitForTimeout(350);
    > 543 |     expect((await state(page)).position).toEqual(disconnectedAt);
          |                                          ^
      544 |     await expect(page.locator(".controller-hud-card")).toContainText("Controller disconnected");
      545 |
      546 |     await hold(page, ["w"], 250);
        at D:\a\Webmaster\Webmaster\candidate\e2e\wm001.spec.ts:543:42

    attachment #1: screenshot (image/png) ──────────────────────────────────────────────────────────
    test-results-wm005\inherited\wm001-WM-001-controller-re-b611f--and-deliberate-replacement-chromium\test-failed-1.png
    ────────────────────────────────────────────────────────────────────────────────────────────────

    Error Context: test-results-wm005\inherited\wm001-WM-001-controller-re-b611f--and-deliberate-replacement-chromium\error-context.md

  3) [chromium] › e2e\wm003.spec.ts:615:1 › WM003 repeated replay pause save load clears transients and bounds resources 

    Error: expect(received).toBeLessThanOrEqual(expected)

    Expected: <= 10
    Received:    11

      667 |     last = measurements.at(-1)!;
      668 |   expect(last.heap - warm.heap).toBeLessThan(4 * 1024 * 1024);
    > 669 |   expect(last.nodes - warm.nodes).toBeLessThanOrEqual(10);
          |                                   ^
      670 |   expect(last.listeners - warm.listeners).toBeLessThanOrEqual(2);
      671 |   await writeFile(
      672 |     info.outputPath("resources.json"),
        at D:\a\Webmaster\Webmaster\candidate\e2e\wm003.spec.ts:669:35

    attachment #1: screenshot (image/png) ──────────────────────────────────────────────────────────
    test-results-wm005\inherited\wm003-WM003-repeated-repla-fc15b-sients-and-bounds-resources-chromium\test-failed-1.png
    ────────────────────────────────────────────────────────────────────────────────────────────────

    Error Context: test-results-wm005\inherited\wm003-WM003-repeated-repla-fc15b-sients-and-bounds-resources-chromium\error-context.md

  3 failed
    [chromium] › e2e\wm001.spec.ts:166:3 › WM-001 rendered keyboard and mouse journey › moves, jumps, orbits, recenters, collides, pauses safely, and completes the real practice route 
    [chromium] › e2e\wm001.spec.ts:525:3 › WM-001 controller remediation lifecycle (simulated Gamepad API) › supports connection after load, disconnect cleanup, keyboard fallback, and deliberate replacement 
    [chromium] › e2e\wm003.spec.ts:615:1 › WM003 repeated replay pause save load clears transients and bounds resources 
  37 passed (9.4m)
