
Running 6 tests using 1 worker

  ok 1 [chromium] › e2e\wm004-hero.spec.ts:8:103 › WM004 hero rear idle walking running jump and stop transitions (3.3m)
  x  2 [chromium] › e2e\wm004-hero.spec.ts:8:103 › WM004 hero front idle walking running jump and stop transitions (3.7m)
  x  3 [chromium] › e2e\wm004-hero.spec.ts:8:103 › WM004 hero side idle walking running jump and stop transitions (6.0m)
  ok 4 [chromium] › e2e\wm004.spec.ts:69:32 › WM004 complete twenty-ring course and ground recovery keyboard-mouse (3.1m)
  ok 5 [chromium] › e2e\wm004.spec.ts:69:32 › WM004 complete twenty-ring course and ground recovery semantic-controller (3.8m)
  ok 6 [chromium] › e2e\wm004.spec.ts:79:1 › WM004 street safe save reopen Continue preserves position and generations (12.1s)


  1) [chromium] › e2e\wm004-hero.spec.ts:8:103 › WM004 hero front idle walking running jump and stop transitions 

    Tearing down "context" exceeded the test timeout of 180000ms.

    attachment #1: screenshot (image/png) ──────────────────────────────────────────────────────────
    test-results-wm004\new\wm004-hero-WM004-hero-fron-71209-g-jump-and-stop-transitions-chromium\test-failed-1.png
    ────────────────────────────────────────────────────────────────────────────────────────────────

    Error Context: test-results-wm004\new\wm004-hero-WM004-hero-fron-71209-g-jump-and-stop-transitions-chromium\error-context.md

  2) [chromium] › e2e\wm004-hero.spec.ts:8:103 › WM004 hero side idle walking running jump and stop transitions 

    Test timeout of 180000ms exceeded.

    Tearing down "context" exceeded the test timeout of 180000ms.

    Error Context: test-results-wm004\new\wm004-hero-WM004-hero-side-248b3-g-jump-and-stop-transitions-chromium\error-context.md

  Slow test file: [chromium] › e2e\wm004.spec.ts (7.1m)
  Consider running tests from slow files in parallel. See: https://playwright.dev/docs/test-parallel
  2 failed
    [chromium] › e2e\wm004-hero.spec.ts:8:103 › WM004 hero front idle walking running jump and stop transitions 
    [chromium] › e2e\wm004-hero.spec.ts:8:103 › WM004 hero side idle walking running jump and stop transitions 
  4 passed (20.3m)
