
Running 44 tests using 1 worker

  ok  1 [chromium] › e2e\wm001.spec.ts:166:3 › WM-001 rendered keyboard and mouse journey › moves, jumps, orbits, recenters, collides, pauses safely, and completes the real practice route (22.1s)
  ok  2 [chromium] › e2e\wm001.spec.ts:284:3 › WM-001 rendered keyboard and mouse journey › recovers outside the bounded street, reduces health, and performs a clean zero-health retry (9.1s)
  x   3 [chromium] › e2e\wm001.spec.ts:298:3 › WM-001 rendered keyboard and mouse journey › explains and enforces safe-state saving while airborne (21.7s)
  ok  4 [chromium] › e2e\wm001.spec.ts:319:3 › WM-001 rendered simulated Gamepad journey › uses gamepad alone for new game, movement, camera, pause, save, save-and-quit, Continue, and Load (18.6s)
  ok  5 [chromium] › e2e\wm001.spec.ts:378:3 › WM-001 rendered simulated Gamepad journey › disconnect releases motion and reconnect requires neutral then fresh input (7.1s)
  ok  6 [chromium] › e2e\wm001.spec.ts:409:3 › WM-001 rendered simulated Gamepad journey › shows PlayStation-style prompts without changing standard semantic actions (4.7s)
  ok  7 [chromium] › e2e\wm001.spec.ts:417:3 › WM-001 rendered simulated Gamepad journey › operates persisted main and pause settings without mouse or typing (17.1s)
  ok  8 [chromium] › e2e\wm001.spec.ts:458:3 › WM-001 controller remediation lifecycle (simulated Gamepad API) › makes exposure, release, ready, HUD status, and local copy diagnostics persistent (9.2s)
  ok  9 [chromium] › e2e\wm001.spec.ts:493:3 › WM-001 controller remediation lifecycle (simulated Gamepad API) › keeps keyboard available when the Gamepad API is unavailable (3.6s)
  ok 10 [chromium] › e2e\wm001.spec.ts:507:3 › WM-001 controller remediation lifecycle (simulated Gamepad API) › rejects an unsupported mapping visibly while keyboard remains available (3.3s)
  ok 11 [chromium] › e2e\wm001.spec.ts:519:3 › WM-001 controller remediation lifecycle (simulated Gamepad API) › selects active index 1 over idle index 0 and ignores noisy extra axes (5.4s)
  ok 12 [chromium] › e2e\wm001.spec.ts:543:3 › WM-001 controller remediation lifecycle (simulated Gamepad API) › supports connection after load, disconnect cleanup, keyboard fallback, and deliberate replacement (7.5s)
  ok 13 [chromium] › e2e\wm001.spec.ts:585:3 › WM-001 controller remediation lifecycle (simulated Gamepad API) › cleans up held movement on blur/focus and requires neutral then fresh input (6.5s)
  ok 14 [chromium] › e2e\wm001.spec.ts:612:3 › WM-001 controller remediation lifecycle (simulated Gamepad API) › keeps controller status and local diagnostics usable at a representative iPad landscape viewport (8.0s)
  ok 15 [chromium] › e2e\wm001.spec.ts:632:1 › keeps occupied-slot bytes unchanged when replacement is cancelled (11.3s)
  ok 16 [chromium] › e2e\wm001.spec.ts:649:1 › keeps the prior committed save and remains paused when Save & Quit write fails (9.3s)
  ok 17 [chromium] › e2e\wm001.spec.ts:671:1 › loads only the prior commit after pointer verification fails, then permits a clean retry (12.3s)
  ok 18 [chromium] › e2e\wm001.spec.ts:730:1 › renders storage-unavailable records explicitly and refuses destructive replacement (21.5s)
  ok 19 [chromium] › e2e\wm001.spec.ts:762:1 › remains controllable under a second real-time CPU/frame profile (11.8s)
  ok 20 [chromium] › e2e\wm001.spec.ts:787:1 › persists a Hard run after closing and reopening the same browser profile and exact origin (36.7s)
  ok 21 [chromium] › e2e\wm001.spec.ts:839:1 › labels corrupt and incompatible save fixtures without hiding valid choices (31.1s)
  x  22 [chromium] › e2e\wm002.spec.ts:126:1 › WM-002 keyboard continuous four-gap route, safe save and same-origin reopen (3.0m)
  x  23 [chromium] › e2e\wm002.spec.ts:349:1 › WM-002 simulated PlayStation controller-only complete route and safe save/load (1.7m)
  x  24 [chromium] › e2e\wm002.spec.ts:388:1 › WM-002 targeted anchor, unsafe save, pause, focus, fall recovery, invalid finish and replay cleanup (14.8s)
  ok 25 [chromium] › e2e\wm002.spec.ts:454:1 › WM-002 LT disconnect clears web, reconnect needs neutral and diagnostics retain swing mapping (11.1s)
  ok 26 [chromium] › e2e\wm002.spec.ts:496:3 › WM-002 continuous keyboard route under near-30fps render schedule (24.0s)
  ok 27 [chromium] › e2e\wm002.spec.ts:496:3 › WM-002 continuous keyboard route under uneven render schedule (24.3s)
  ok 28 [chromium] › e2e\wm002.spec.ts:544:1 › WM-002 repeated pause, replay, save and load keeps runtime resources bounded (27.2s)
  ok 29 [chromium] › e2e\wm003-remediation.spec.ts:22:1 › WM003 R1 genuine roof2 checkpoint and manual save survive reload (19.6s)
  ok 30 [chromium] › e2e\wm003-remediation.spec.ts:77:1 › WM003 R1 standing on dynamic step still disables both save actions (6.9s)
  ok 31 [chromium] › e2e\wm003.spec.ts:20:1 › WM003 ordinary keyboard combined swing climb ceiling pull route (58.6s)
  ok 32 [chromium] › e2e\wm003.spec.ts:59:1 › WM003 simulated PlayStation complete route, controller pause save load and keyboard fallback (54.0s)
  ok 33 [chromium] › e2e\wm003.spec.ts:123:3 › WM003 loads exact historical WM-001 writer records without changing old generations (3.1s)
  ok 34 [chromium] › e2e\wm003.spec.ts:123:3 › WM003 loads exact historical WM-002 writer records without changing old generations (2.5s)
  ok 35 [chromium] › e2e\wm003.spec.ts:167:1 › WM003 historical WM002 save to full swing plus climb route, safe save and real browser close/reopen (1.0m)
  x  36 [chromium] › e2e\wm003.spec.ts:282:1 › WM003 negative lifecycle probes: wall pause focus pull interruption heavy feedback and blocked web (9.1s)
  ok 37 [chromium] › e2e\wm003.spec.ts:411:1 › WM003 RB and LB disconnect cleanup with neutral reconnect and keyboard fallback (9.5s)
  ok 38 [chromium] › e2e\wm003.spec.ts:558:3 › WM003 complete route under near-30 rendered timing (34.2s)
  ok 39 [chromium] › e2e\wm003.spec.ts:558:3 › WM003 complete route under uneven rendered timing (36.2s)
  ok 40 [chromium] › e2e\wm003.spec.ts:615:1 › WM003 repeated replay pause save load clears transients and bounds resources (31.0s)
  ok 41 [chromium] › e2e\wm005-climb.spec.ts:7:30 › WM005 unmarked east facade street-to-roof keyboard-mouse (24.8s)
  ok 42 [chromium] › e2e\wm005-climb.spec.ts:7:30 › WM005 unmarked east facade street-to-roof semantic-controller (35.6s)
  ok 43 [chromium] › e2e\wm005-climb.spec.ts:21:30 › WM005 visible face-up head-first ceiling and challenge top-out keyboard-mouse (35.4s)
  ok 44 [chromium] › e2e\wm005-climb.spec.ts:21:30 › WM005 visible face-up head-first ceiling and challenge top-out semantic-controller (42.8s)


  1) [chromium] › e2e\wm001.spec.ts:298:3 › WM-001 rendered keyboard and mouse journey › explains and enforces safe-state saving while airborne 

    Error: expect(locator).toContainText(expected) failed

    Locator: getByRole('button', { name: /^Save Game/ })
    Expected substring: "Unavailable while climbing, on a ceiling, pulling, swinging, airborne, landing or recovering"
    Received string:    "Save GameUnavailable during attacks, webs, wraps, dodge recovery, training-machine danger, climbing, pulling, swinging or flight. Resume to reach a safe state."
    Timeout: 15000ms

    Call log:
      - Expect "toContainText" getByRole('button', { name: /^Save Game/ }) with timeout 15000ms
      - waiting for getByRole('button', { name: /^Save Game/ })
        31 × locator resolved to <button disabled type="button" data-menu-item="1" aria-current="false">…</button>
           - unexpected value "Save GameUnavailable during attacks, webs, wraps, dodge recovery, training-machine danger, climbing, pulling, swinging or flight. Resume to reach a safe state."


      307 |       const button = page.getByRole("button", { name });
      308 |       await expect(button).toBeDisabled();
    > 309 |       await expect(button).toContainText("Unavailable while climbing, on a ceiling, pulling, swinging, airborne, landing or recovering");
          |                            ^
      310 |     }
      311 |     await expect(page.getByRole("button", { name: /^Resume/ })).toBeEnabled();
      312 |     await page.screenshot({ path: `${captures}/${browserName}-airborne-safe-save-disabled.png` });
        at D:\a\Webmaster\Webmaster\candidate\e2e\wm001.spec.ts:309:28

    attachment #1: screenshot (image/png) ──────────────────────────────────────────────────────────
    test-results-wm006\inherited\wm001-WM-001-rendered-keyb-d7f79-state-saving-while-airborne-chromium\test-failed-1.png
    ────────────────────────────────────────────────────────────────────────────────────────────────

    Error Context: test-results-wm006\inherited\wm001-WM-001-rendered-keyb-d7f79-state-saving-while-airborne-chromium\error-context.md

  2) [chromium] › e2e\wm002.spec.ts:126:1 › WM-002 keyboard continuous four-gap route, safe save and same-origin reopen 

    Test timeout of 180000ms exceeded.

    attachment #1: screenshot (image/png) ──────────────────────────────────────────────────────────
    test-results-wm006\inherited\wm002-WM-002-keyboard-cont-42b31-save-and-same-origin-reopen-chromium\test-failed-1.png
    ────────────────────────────────────────────────────────────────────────────────────────────────

    attachment #2: screenshot (image/png) ──────────────────────────────────────────────────────────
    test-results-wm006\inherited\wm002-WM-002-keyboard-cont-42b31-save-and-same-origin-reopen-chromium\test-failed-2.png
    ────────────────────────────────────────────────────────────────────────────────────────────────

    Error Context: test-results-wm006\inherited\wm002-WM-002-keyboard-cont-42b31-save-and-same-origin-reopen-chromium\error-context.md

  3) [chromium] › e2e\wm002.spec.ts:349:1 › WM-002 simulated PlayStation controller-only complete route and safe save/load 

    Test timeout of 100000ms exceeded.

    Error: page.waitForFunction: Test timeout of 100000ms exceeded.

      293 |   await page.waitForTimeout(70);
      294 |   await pad(page, [7, 6], [0, -1, 0, 0]);
    > 295 |   await page.waitForFunction(() => !!window.__WM_DEBUG__!.getState().swing.web);
          |              ^
      296 |   await shot(page, "controller-ready-hand-web");
      297 |   await until(page, "z", 37);
      298 |   await pad(page, [7], [0, -1, 0, 0]);
        at controllerRoute (D:\a\Webmaster\Webmaster\candidate\e2e\wm002.spec.ts:295:14)
        at D:\a\Webmaster\Webmaster\candidate\e2e\wm002.spec.ts:354:3

    attachment #1: screenshot (image/png) ──────────────────────────────────────────────────────────
    test-results-wm006\inherited\wm002-WM-002-simulated-Pla-7d5ed-te-route-and-safe-save-load-chromium\test-failed-1.png
    ────────────────────────────────────────────────────────────────────────────────────────────────

    Error Context: test-results-wm006\inherited\wm002-WM-002-simulated-Pla-7d5ed-te-route-and-safe-save-load-chromium\error-context.md

  4) [chromium] › e2e\wm002.spec.ts:388:1 › WM-002 targeted anchor, unsafe save, pause, focus, fall recovery, invalid finish and replay cleanup 

    Error: locator.click: Error: strict mode violation: getByRole('button', { name: /Resume/ }) resolved to 3 elements:
        1) <button type="button" class="selected" data-menu-item="0" aria-current="true">…</button> aka getByRole('button', { name: 'Resume Return to practice' })
        2) <button disabled type="button" data-menu-item="1" aria-current="false">…</button> aka getByRole('button', { name: 'Save Game Unavailable during' })
        3) <button disabled type="button" data-menu-item="2" aria-current="false">…</button> aka getByRole('button', { name: 'Save & Quit Unavailable' })

    Call log:
      - waiting for getByRole('button', { name: /Resume/ })


      412 |   await page.waitForTimeout(250);
      413 |   expect((await state(page)).position).toEqual(paused.position);
    > 414 |   await page.getByRole("button", { name: /Resume/ }).click();
          |                                                      ^
      415 |   await page.waitForTimeout(200);
      416 |   expect((await state(page)).swing.web).toBeNull();
      417 |   await page.keyboard.up("e");
        at D:\a\Webmaster\Webmaster\candidate\e2e\wm002.spec.ts:414:54

    attachment #1: screenshot (image/png) ──────────────────────────────────────────────────────────
    test-results-wm006\inherited\wm002-WM-002-targeted-anch-56715-d-finish-and-replay-cleanup-chromium\test-failed-1.png
    ────────────────────────────────────────────────────────────────────────────────────────────────

    Error Context: test-results-wm006\inherited\wm002-WM-002-targeted-anch-56715-d-finish-and-replay-cleanup-chromium\error-context.md

  5) [chromium] › e2e\wm003.spec.ts:282:1 › WM003 negative lifecycle probes: wall pause focus pull interruption heavy feedback and blocked web 

    Error: locator.click: Error: strict mode violation: getByRole('button', { name: /Resume/ }) resolved to 3 elements:
        1) <button type="button" class="selected" data-menu-item="0" aria-current="true">…</button> aka getByRole('button', { name: 'Resume Return to practice' })
        2) <button disabled type="button" data-menu-item="1" aria-current="false">…</button> aka getByRole('button', { name: 'Save Game Unavailable during' })
        3) <button disabled type="button" data-menu-item="2" aria-current="false">…</button> aka getByRole('button', { name: 'Save & Quit Unavailable' })

    Call log:
      - waiting for getByRole('button', { name: /Resume/ })


      307 |   await page.waitForTimeout(250);
      308 |   expect((await state(page)).position).toEqual(paused.position);
    > 309 |   await page.getByRole("button", { name: /Resume/ }).click();
          |                                                      ^
      310 |   await page.waitForTimeout(200);
      311 |   expect((await state(page)).traversal.surfaceId).toBeNull();
      312 |   await page.keyboard.up("c");
        at D:\a\Webmaster\Webmaster\candidate\e2e\wm003.spec.ts:309:54

    attachment #1: screenshot (image/png) ──────────────────────────────────────────────────────────
    test-results-wm006\inherited\wm003-WM003-negative-lifec-fa287-vy-feedback-and-blocked-web-chromium\test-failed-1.png
    ────────────────────────────────────────────────────────────────────────────────────────────────

    Error Context: test-results-wm006\inherited\wm003-WM003-negative-lifec-fa287-vy-feedback-and-blocked-web-chromium\error-context.md

  5 failed
    [chromium] › e2e\wm001.spec.ts:298:3 › WM-001 rendered keyboard and mouse journey › explains and enforces safe-state saving while airborne 
    [chromium] › e2e\wm002.spec.ts:126:1 › WM-002 keyboard continuous four-gap route, safe save and same-origin reopen 
    [chromium] › e2e\wm002.spec.ts:349:1 › WM-002 simulated PlayStation controller-only complete route and safe save/load 
    [chromium] › e2e\wm002.spec.ts:388:1 › WM-002 targeted anchor, unsafe save, pause, focus, fall recovery, invalid finish and replay cleanup 
    [chromium] › e2e\wm003.spec.ts:282:1 › WM003 negative lifecycle probes: wall pause focus pull interruption heavy feedback and blocked web 
  39 passed (18.9m)
