$ vitest run

[1m[30m[46m RUN [49m[39m[22m [36mv5.0.0 [39m[90mD:/a/Webmaster/Webmaster/candidate[39m

 [32m✓[39m tests/actions.test.ts [2m([22m[2m16 tests[22m[2m)[22m[32m 17[2mms[22m[39m
 [32m✓[39m tests/save.test.ts [2m([22m[2m16 tests[22m[2m)[22m[32m 25[2mms[22m[39m
 [32m✓[39m tests/swing.test.ts [2m([22m[2m14 tests[22m[2m)[22m[33m 393[2mms[22m[39m
 [32m✓[39m tests/combat.test.ts [2m([22m[2m21 tests[22m[2m)[22m[32m 32[2mms[22m[39m
 [32m✓[39m tests/traversal.test.ts [2m([22m[2m96 tests[22m[2m)[22m[33m 790[2mms[22m[39m
 [32m✓[39m tests/remediation.test.ts [2m([22m[2m24 tests[22m[2m)[22m[32m 90[2mms[22m[39m
[90mstdout[2m | tests/wm005-shadow-review.test.ts[2m > [22m[2mlower joint tessellation preserves the accepted contact envelope and smooth unit normals
[22m[39mBJS - [05:15:03]: Babylon.js v9.26.0 - Null engine

[90mstdout[2m | tests/wm005-shadow-review.test.ts[2m > [22m[2mopaque low-poly shadow follows the rounded costume while remaining excluded from the camera
[22m[39mBJS - [05:15:03]: Babylon.js v9.26.0 - Null engine

 [32m✓[39m tests/wm005-shadow-review.test.ts [2m([22m[2m2 tests[22m[2m)[22m[32m 93[2mms[22m[39m
 [32m✓[39m tests/motion.test.ts [2m([22m[2m5 tests[22m[2m)[22m[32m 9[2mms[22m[39m
 [32m✓[39m tests/street-visual.test.ts [2m([22m[2m2 tests[22m[2m)[22m[33m 1446[2mms[22m[39m
   [32m✓[39m WM004 bounded opaque street rendering [2m(2)[22m
     [33m[2m✓[22m[39m covers the entire unchanged solid exactly once, with no overlapping depth layers or holes[33m 1422[2mms[22m[39m
 [32m✓[39m tests/wm005-ceiling-reverse-review.test.ts [2m([22m[2m2 tests[22m[2m)[22m[32m 30[2mms[22m[39m
 [32m✓[39m tests/settings.test.ts [2m([22m[2m4 tests[22m[2m)[22m[32m 7[2mms[22m[39m
 [32m✓[39m tests/wm005-geometry-review.test.ts [2m([22m[2m1 test[22m[2m)[22m[32m 18[2mms[22m[39m
 [32m✓[39m tests/presentation-clearance.test.ts [2m([22m[2m3 tests[22m[2m)[22m[32m 6[2mms[22m[39m
 [32m✓[39m tests/wm005-review-regression.test.ts [2m([22m[2m2 tests[22m[2m)[22m[32m 16[2mms[22m[39m
 [32m✓[39m tests/course.test.ts [2m([22m[2m37 tests[22m[2m)[22m[33m 6277[2mms[22m[39m
   [32m✓[39m WM004 actual connected course and street recovery [2m(29)[22m
     [33m[2m✓[22m[39m earns all twenty anchors and finish using real physics at 0.016666666666666666[33m 963[2mms[22m[39m
     [33m[2m✓[22m[39m earns all twenty anchors and finish using real physics at 0.03333333333333333[33m 713[2mms[22m[39m
     [33m[2m✓[22m[39m earns all twenty anchors and finish using real physics at 0.008333333333333333[33m 716[2mms[22m[39m
     [33m[2m✓[22m[39m earns all twenty anchors and finish using real physics at 0.012[33m 591[2mms[22m[39m
     [33m[2m✓[22m[39m misses a ring, walks and climbs from street, then rejoins and earns all20 using real physics at 0.016666666666666666[33m 880[2mms[22m[39m
     [33m[2m✓[22m[39m misses a ring, walks and climbs from street, then rejoins and earns all20 using real physics at 0.03333333333333333[33m 817[2mms[22m[39m
     [33m[2m✓[22m[39m misses a ring, walks and climbs from street, then rejoins and earns all20 using real physics at 0.012[33m 560[2mms[22m[39m
 [32m✓[39m tests/wm005.test.ts [2m([22m[2m178 tests[22m[2m)[22m[33m 6199[2mms[22m[39m
   [32m✓[39m WM005 genuine continuous circuit [2m(5)[22m
     [33m[2m✓[22m[39m earns two laps including final-to-first using ordinary inputs 0.016666666666666666[33m 1837[2mms[22m[39m
     [33m[2m✓[22m[39m earns two laps including final-to-first using ordinary inputs 0.03333333333333333[33m 1628[2mms[22m[39m
     [33m[2m✓[22m[39m earns two laps including final-to-first using ordinary inputs 0.008333333333333333[33m 1289[2mms[22m[39m
     [33m[2m✓[22m[39m earns two laps including final-to-first using ordinary inputs 0.012[33m 1102[2mms[22m[39m

[2m Test Files [22m [1m[32m16 passed[39m[22m[90m (16)[39m
[2m      Tests [22m [1m[32m423 passed[39m[22m[90m (423)[39m
[2m   Start at [22m 05:15:01
[2m   Duration [22m 7.68s[2m (tests 89%, import 6%, transform 4%, worker 1%)[22m

[2m    Isolate [22m [33m16 workers spawned[39m[2m · ~187ms startup each (spawn + environment, per file)[22m
[2m            [22m [2mat least ~811ms faster with [22m[33misolate: false[39m[2m — reuses workers across files instead of one per file[22m

