
Running 40 tests using 1 worker

  ok  1 [chromium] › e2e\wm001.spec.ts:166:3 › WM-001 rendered keyboard and mouse journey › moves, jumps, orbits, recenters, collides, pauses safely, and completes the real practice route (22.5s)
  ok  2 [chromium] › e2e\wm001.spec.ts:269:3 › WM-001 rendered keyboard and mouse journey › recovers outside the bounded street, reduces health, and performs a clean zero-health retry (9.4s)
  ok  3 [chromium] › e2e\wm001.spec.ts:283:3 › WM-001 rendered keyboard and mouse journey › explains and enforces safe-state saving while airborne (8.7s)
  ok  4 [chromium] › e2e\wm001.spec.ts:304:3 › WM-001 rendered simulated Gamepad journey › uses gamepad alone for new game, movement, camera, pause, save, save-and-quit, Continue, and Load (18.7s)
  x   5 [chromium] › e2e\wm001.spec.ts:363:3 › WM-001 rendered simulated Gamepad journey › disconnect releases motion and reconnect requires neutral then fresh input (5.6s)
  ok  6 [chromium] › e2e\wm001.spec.ts:385:3 › WM-001 rendered simulated Gamepad journey › shows PlayStation-style prompts without changing standard semantic actions (5.0s)
  ok  7 [chromium] › e2e\wm001.spec.ts:393:3 › WM-001 rendered simulated Gamepad journey › operates persisted main and pause settings without mouse or typing (15.2s)
  ok  8 [chromium] › e2e\wm001.spec.ts:430:3 › WM-001 controller remediation lifecycle (simulated Gamepad API) › makes exposure, release, ready, HUD status, and local copy diagnostics persistent (8.9s)
  ok  9 [chromium] › e2e\wm001.spec.ts:465:3 › WM-001 controller remediation lifecycle (simulated Gamepad API) › keeps keyboard available when the Gamepad API is unavailable (3.7s)
  ok 10 [chromium] › e2e\wm001.spec.ts:479:3 › WM-001 controller remediation lifecycle (simulated Gamepad API) › rejects an unsupported mapping visibly while keyboard remains available (3.3s)
  ok 11 [chromium] › e2e\wm001.spec.ts:491:3 › WM-001 controller remediation lifecycle (simulated Gamepad API) › selects active index 1 over idle index 0 and ignores noisy extra axes (5.5s)
  ok 12 [chromium] › e2e\wm001.spec.ts:515:3 › WM-001 controller remediation lifecycle (simulated Gamepad API) › supports connection after load, disconnect cleanup, keyboard fallback, and deliberate replacement (7.4s)
  ok 13 [chromium] › e2e\wm001.spec.ts:552:3 › WM-001 controller remediation lifecycle (simulated Gamepad API) › cleans up held movement on blur/focus and requires neutral then fresh input (6.5s)
  ok 14 [chromium] › e2e\wm001.spec.ts:579:3 › WM-001 controller remediation lifecycle (simulated Gamepad API) › keeps controller status and local diagnostics usable at a representative iPad landscape viewport (7.7s)
  ok 15 [chromium] › e2e\wm001.spec.ts:599:1 › keeps occupied-slot bytes unchanged when replacement is cancelled (11.9s)
  ok 16 [chromium] › e2e\wm001.spec.ts:616:1 › keeps the prior committed save and remains paused when Save & Quit write fails (10.0s)
  ok 17 [chromium] › e2e\wm001.spec.ts:638:1 › loads only the prior commit after pointer verification fails, then permits a clean retry (12.4s)
  ok 18 [chromium] › e2e\wm001.spec.ts:697:1 › renders storage-unavailable records explicitly and refuses destructive replacement (9.3s)
  ok 19 [chromium] › e2e\wm001.spec.ts:729:1 › remains controllable under a second real-time CPU/frame profile (8.6s)
  x  20 [chromium] › e2e\wm001.spec.ts:754:1 › persists a Hard run after closing and reopening the same browser profile and exact origin (12.9s)
  ok 21 [chromium] › e2e\wm001.spec.ts:804:1 › labels corrupt and incompatible save fixtures without hiding valid choices (6.1s)
  x  22 [chromium] › e2e\wm002.spec.ts:126:1 › WM-002 keyboard continuous four-gap route, safe save and same-origin reopen (1.7m)
  ok 23 [chromium] › e2e\wm002.spec.ts:349:1 › WM-002 simulated PlayStation controller-only complete route and safe save/load (29.7s)
  ok 24 [chromium] › e2e\wm002.spec.ts:388:1 › WM-002 targeted anchor, unsafe save, pause, focus, fall recovery, invalid finish and replay cleanup (17.4s)
  ok 25 [chromium] › e2e\wm002.spec.ts:454:1 › WM-002 LT disconnect clears web, reconnect needs neutral and diagnostics retain swing mapping (10.9s)
  ok 26 [chromium] › e2e\wm002.spec.ts:496:3 › WM-002 continuous keyboard route under near-30fps render schedule (24.3s)
  ok 27 [chromium] › e2e\wm002.spec.ts:496:3 › WM-002 continuous keyboard route under uneven render schedule (24.8s)
  ok 28 [chromium] › e2e\wm002.spec.ts:544:1 › WM-002 repeated pause, replay, save and load keeps runtime resources bounded (34.4s)
  ok 29 [chromium] › e2e\wm003-remediation.spec.ts:22:1 › WM003 R1 genuine roof2 checkpoint and manual save survive reload (19.5s)
  ok 30 [chromium] › e2e\wm003-remediation.spec.ts:77:1 › WM003 R1 standing on dynamic step still disables both save actions (7.1s)
  ok 31 [chromium] › e2e\wm003.spec.ts:20:1 › WM003 ordinary keyboard combined swing climb ceiling pull route (1.0m)
  ok 32 [chromium] › e2e\wm003.spec.ts:59:1 › WM003 simulated PlayStation complete route, controller pause save load and keyboard fallback (58.8s)
  ok 33 [chromium] › e2e\wm003.spec.ts:123:3 › WM003 loads exact historical WM-001 writer records without changing old generations (3.0s)
  ok 34 [chromium] › e2e\wm003.spec.ts:123:3 › WM003 loads exact historical WM-002 writer records without changing old generations (2.5s)
  ok 35 [chromium] › e2e\wm003.spec.ts:167:1 › WM003 historical WM002 save to full swing plus climb route, safe save and real browser close/reopen (1.0m)
  ok 36 [chromium] › e2e\wm003.spec.ts:282:1 › WM003 negative lifecycle probes: wall pause focus pull interruption heavy feedback and blocked web (25.7s)
  ok 37 [chromium] › e2e\wm003.spec.ts:395:1 › WM003 RB and LB disconnect cleanup with neutral reconnect and keyboard fallback (9.5s)
  ok 38 [chromium] › e2e\wm003.spec.ts:542:3 › WM003 complete route under near-30 rendered timing (35.6s)
  ok 39 [chromium] › e2e\wm003.spec.ts:542:3 › WM003 complete route under uneven rendered timing (36.6s)
  ok 40 [chromium] › e2e\wm003.spec.ts:599:1 › WM003 repeated replay pause save load clears transients and bounds resources (25.7s)


  1) [chromium] › e2e\wm001.spec.ts:363:3 › WM-001 rendered simulated Gamepad journey › disconnect releases motion and reconnect requires neutral then fresh input 

    Error: expect(received).toEqual(expected) // deep equality

    - Expected  - 1
    + Received  + 1

      Object {
        "x": -1.4797815489697183e-16,
        "y": 0,
    -   "z": -5.713333333333338,
    +   "z": -5.688333333333338,
      }

      373 |     const disconnectedAt = (await state(page)).position;
      374 |     await page.waitForTimeout(350);
    > 375 |     expect((await state(page)).position).toEqual(disconnectedAt);
          |                                          ^
      376 |     await setPad(page, { connected: true, axes: [0, -1, 0, 0] });
      377 |     await page.waitForTimeout(350);
      378 |     expect((await state(page)).position).toEqual(disconnectedAt);
        at D:\a\Webmaster\Webmaster\candidate\e2e\wm001.spec.ts:375:42

    attachment #1: screenshot (image/png) ──────────────────────────────────────────────────────────
    test-results-wm005\inherited\wm001-WM-001-rendered-simu-0c21e-es-neutral-then-fresh-input-chromium\test-failed-1.png
    ────────────────────────────────────────────────────────────────────────────────────────────────

    Error Context: test-results-wm005\inherited\wm001-WM-001-rendered-simu-0c21e-es-neutral-then-fresh-input-chromium\error-context.md

  2) [chromium] › e2e\wm001.spec.ts:754:1 › persists a Hard run after closing and reopening the same browser profile and exact origin 

    Error: expect(received).toBeCloseTo(expected, precision)

    Expected: 3.6900000000000066
    Received: 3.6966666666666734

    Expected precision:    2
    Expected difference: < 0.005
    Received difference:   0.006666666666666821

      794 |   const restored = await state(page);
      795 |   expect(restored.position.x).toBeCloseTo(savedPosition.x, 2);
    > 796 |   expect(restored.position.z).toBeCloseTo(savedPosition.z, 2);
          |                               ^
      797 |   expect(restored).toMatchObject({ health: 100, progress: 1, progressLabel: "Reach the golden sun pad", grounded: true });
      798 |   expect(await page.evaluate(() => window.__WM_DEBUG__!.getCurrentRun())).toEqual({ slot: 3, difficulty: "Hard" });
      799 |   expect(await activeSavePayload(page, 3, "manual")).toEqual(savedPayload);
        at D:\a\Webmaster\Webmaster\candidate\e2e\wm001.spec.ts:796:31

    attachment #1: screenshot (image/png) ──────────────────────────────────────────────────────────
    test-results-wm005\inherited\wm001-persists-a-Hard-run--79e1c-er-profile-and-exact-origin-chromium\test-failed-1.png
    ────────────────────────────────────────────────────────────────────────────────────────────────

    attachment #2: screenshot (image/png) ──────────────────────────────────────────────────────────
    test-results-wm005\inherited\wm001-persists-a-Hard-run--79e1c-er-profile-and-exact-origin-chromium\test-failed-2.png
    ────────────────────────────────────────────────────────────────────────────────────────────────

    attachment #3: screenshot (image/png) ──────────────────────────────────────────────────────────
    test-results-wm005\inherited\wm001-persists-a-Hard-run--79e1c-er-profile-and-exact-origin-chromium\test-failed-3.png
    ────────────────────────────────────────────────────────────────────────────────────────────────

    attachment #4: screenshot (image/png) ──────────────────────────────────────────────────────────
    test-results-wm005\inherited\wm001-persists-a-Hard-run--79e1c-er-profile-and-exact-origin-chromium\test-failed-4.png
    ────────────────────────────────────────────────────────────────────────────────────────────────

    Error Context: test-results-wm005\inherited\wm001-persists-a-Hard-run--79e1c-er-profile-and-exact-origin-chromium\error-context.md

  3) [chromium] › e2e\wm002.spec.ts:126:1 › WM-002 keyboard continuous four-gap route, safe save and same-origin reopen 

    Test timeout of 100000ms exceeded.

    attachment #1: screenshot (image/png) ──────────────────────────────────────────────────────────
    test-results-wm005\inherited\wm002-WM-002-keyboard-cont-42b31-save-and-same-origin-reopen-chromium\test-failed-1.png
    ────────────────────────────────────────────────────────────────────────────────────────────────

    Error Context: test-results-wm005\inherited\wm002-WM-002-keyboard-cont-42b31-save-and-same-origin-reopen-chromium\error-context.md

  Slow test file: [chromium] › e2e\wm003.spec.ts (5.4m)
  Consider running tests from slow files in parallel. See: https://playwright.dev/docs/test-parallel
  3 failed
    [chromium] › e2e\wm001.spec.ts:363:3 › WM-001 rendered simulated Gamepad journey › disconnect releases motion and reconnect requires neutral then fresh input 
    [chromium] › e2e\wm001.spec.ts:754:1 › persists a Hard run after closing and reopening the same browser profile and exact origin 
    [chromium] › e2e\wm002.spec.ts:126:1 › WM-002 keyboard continuous four-gap route, safe save and same-origin reopen 
  37 passed (13.6m)
