{"name":"baseline","round":0,"width":1280,"height":720,"source":"a63ad0e05ce12d2b42ff22e97d39de4af51d4b08","tree":"886b56ac767ffb95c6b8bb3dff6cfe41ff2847be","browser":"153.0.8010.12","gpu":{"renderer":"ANGLE (Google, Vulkan 1.3.0 (SwiftShader Device (Subzero) (0x0000C0DE)), SwiftShader driver)","vendor":"Google Inc. (Google)","canvas":[568,320]},"elapsedMs":12016.2,"fps":24.550190576055655,"minimum":24,"oneSecondFps":[25,24,25,24,25,24,25,25,24,24,25,25],"errors":[]}
{"name":"candidate","round":0,"width":1280,"height":720,"source":"6200ed10c137c384987643160a8a96e84c3823d2","tree":"1926e0f0fd8e519ec4ea016270254f01ad59db34","browser":"153.0.8010.12","gpu":{"renderer":"ANGLE (Google, Vulkan 1.3.0 (SwiftShader Device (Subzero) (0x0000C0DE)), SwiftShader driver)","vendor":"Google Inc. (Google)","canvas":[568,320]},"elapsedMs":12032.800000000001,"fps":21.192074995013627,"minimum":20,"oneSecondFps":[22,20,22,21,21,21,22,21,21,22,21,21],"errors":[]}
{"name":"candidate","round":1,"width":1280,"height":720,"source":"6200ed10c137c384987643160a8a96e84c3823d2","tree":"1926e0f0fd8e519ec4ea016270254f01ad59db34","browser":"153.0.8010.12","gpu":{"renderer":"ANGLE (Google, Vulkan 1.3.0 (SwiftShader Device (Subzero) (0x0000C0DE)), SwiftShader driver)","vendor":"Google Inc. (Google)","canvas":[568,320]},"elapsedMs":12032.900000000001,"fps":21.191898877244885,"minimum":20,"oneSecondFps":[21,21,22,20,22,21,21,21,21,21,22,22],"errors":[]}
{"name":"baseline","round":1,"width":1280,"height":720,"source":"a63ad0e05ce12d2b42ff22e97d39de4af51d4b08","tree":"886b56ac767ffb95c6b8bb3dff6cfe41ff2847be","browser":"153.0.8010.12","gpu":{"renderer":"ANGLE (Google, Vulkan 1.3.0 (SwiftShader Device (Subzero) (0x0000C0DE)), SwiftShader driver)","vendor":"Google Inc. (Google)","canvas":[568,320]},"elapsedMs":12016.100000000002,"fps":24.383951531694972,"minimum":23,"oneSecondFps":[25,23,25,24,25,24,24,25,24,25,24,25],"errors":[]}
{"name":"baseline","round":2,"width":1280,"height":720,"source":"a63ad0e05ce12d2b42ff22e97d39de4af51d4b08","tree":"886b56ac767ffb95c6b8bb3dff6cfe41ff2847be","browser":"153.0.8010.12","gpu":{"renderer":"ANGLE (Google, Vulkan 1.3.0 (SwiftShader Device (Subzero) (0x0000C0DE)), SwiftShader driver)","vendor":"Google Inc. (Google)","canvas":[568,320]},"elapsedMs":12032.900000000001,"fps":24.51611830896957,"minimum":24,"oneSecondFps":[25,24,25,24,24,24,25,25,24,25,25,25],"errors":[]}
{"name":"candidate","round":2,"width":1280,"height":720,"source":"6200ed10c137c384987643160a8a96e84c3823d2","tree":"1926e0f0fd8e519ec4ea016270254f01ad59db34","browser":"153.0.8010.12","gpu":{"renderer":"ANGLE (Google, Vulkan 1.3.0 (SwiftShader Device (Subzero) (0x0000C0DE)), SwiftShader driver)","vendor":"Google Inc. (Google)","canvas":[568,320]},"elapsedMs":12016.199999999999,"fps":21.471014130923255,"minimum":20,"oneSecondFps":[22,21,22,21,21,22,21,22,20,22,22,22],"errors":[]}
{"name":"candidate","round":3,"width":1280,"height":720,"source":"6200ed10c137c384987643160a8a96e84c3823d2","tree":"1926e0f0fd8e519ec4ea016270254f01ad59db34","browser":"153.0.8010.12","gpu":{"renderer":"ANGLE (Google, Vulkan 1.3.0 (SwiftShader Device (Subzero) (0x0000C0DE)), SwiftShader driver)","vendor":"Google Inc. (Google)","canvas":[568,320]},"elapsedMs":12049.500000000002,"fps":20.830739864724674,"minimum":19,"oneSecondFps":[19,21,21,21,21,21,21,21,21,21,21,22],"errors":[]}
{"name":"baseline","round":3,"width":1280,"height":720,"source":"a63ad0e05ce12d2b42ff22e97d39de4af51d4b08","tree":"886b56ac767ffb95c6b8bb3dff6cfe41ff2847be","browser":"153.0.8010.12","gpu":{"renderer":"ANGLE (Google, Vulkan 1.3.0 (SwiftShader Device (Subzero) (0x0000C0DE)), SwiftShader driver)","vendor":"Google Inc. (Google)","canvas":[568,320]},"elapsedMs":12016.2,"fps":24.134085651037765,"minimum":23,"oneSecondFps":[24,24,25,23,25,24,24,24,24,25,24,24],"errors":[]}
{"name":"baseline","round":0,"width":1920,"height":1080,"source":"a63ad0e05ce12d2b42ff22e97d39de4af51d4b08","tree":"886b56ac767ffb95c6b8bb3dff6cfe41ff2847be","browser":"153.0.8010.12","gpu":{"renderer":"ANGLE (Google, Vulkan 1.3.0 (SwiftShader Device (Subzero) (0x0000C0DE)), SwiftShader driver)","vendor":"Google Inc. (Google)","canvas":[853,480]},"elapsedMs":12049.5,"fps":13.19556828084153,"minimum":12,"oneSecondFps":[14,12,14,13,13,13,13,14,13,13,13,14],"errors":[]}
{"name":"candidate","round":0,"width":1920,"height":1080,"source":"6200ed10c137c384987643160a8a96e84c3823d2","tree":"1926e0f0fd8e519ec4ea016270254f01ad59db34","browser":"153.0.8010.12","gpu":{"renderer":"ANGLE (Google, Vulkan 1.3.0 (SwiftShader Device (Subzero) (0x0000C0DE)), SwiftShader driver)","vendor":"Google Inc. (Google)","canvas":[853,480]},"elapsedMs":12082.8,"fps":12.166054225841693,"minimum":11,"oneSecondFps":[13,12,12,12,12,12,12,13,11,13,12,13],"errors":[]}
{"name":"candidate","round":1,"width":1920,"height":1080,"source":"6200ed10c137c384987643160a8a96e84c3823d2","tree":"1926e0f0fd8e519ec4ea016270254f01ad59db34","browser":"153.0.8010.12","gpu":{"renderer":"ANGLE (Google, Vulkan 1.3.0 (SwiftShader Device (Subzero) (0x0000C0DE)), SwiftShader driver)","vendor":"Google Inc. (Google)","canvas":[853,480]},"elapsedMs":12032.9,"fps":12.133400925795112,"minimum":12,"oneSecondFps":[13,12,12,12,12,12,12,12,12,13,12,12],"errors":[]}
{"name":"baseline","round":1,"width":1920,"height":1080,"source":"a63ad0e05ce12d2b42ff22e97d39de4af51d4b08","tree":"886b56ac767ffb95c6b8bb3dff6cfe41ff2847be","browser":"153.0.8010.12","gpu":{"renderer":"ANGLE (Google, Vulkan 1.3.0 (SwiftShader Device (Subzero) (0x0000C0DE)), SwiftShader driver)","vendor":"Google Inc. (Google)","canvas":[853,480]},"elapsedMs":12066.1,"fps":13.177414408963957,"minimum":13,"oneSecondFps":[14,13,13,13,13,13,13,13,13,14,13,14],"errors":[]}
{"name":"baseline","round":2,"width":1920,"height":1080,"source":"a63ad0e05ce12d2b42ff22e97d39de4af51d4b08","tree":"886b56ac767ffb95c6b8bb3dff6cfe41ff2847be","browser":"153.0.8010.12","gpu":{"renderer":"ANGLE (Google, Vulkan 1.3.0 (SwiftShader Device (Subzero) (0x0000C0DE)), SwiftShader driver)","vendor":"Google Inc. (Google)","canvas":[853,480]},"elapsedMs":12049.4,"fps":13.195677793085133,"minimum":13,"oneSecondFps":[14,13,13,13,13,13,13,14,13,13,14,13],"errors":[]}
{"name":"candidate","round":2,"width":1920,"height":1080,"source":"6200ed10c137c384987643160a8a96e84c3823d2","tree":"1926e0f0fd8e519ec4ea016270254f01ad59db34","browser":"153.0.8010.12","gpu":{"renderer":"ANGLE (Google, Vulkan 1.3.0 (SwiftShader Device (Subzero) (0x0000C0DE)), SwiftShader driver)","vendor":"Google Inc. (Google)","canvas":[853,480]},"elapsedMs":12049.500000000002,"fps":12.116685339640647,"minimum":12,"oneSecondFps":[13,12,12,12,12,12,12,12,12,12,13,12],"errors":[]}
{"name":"candidate","round":3,"width":1920,"height":1080,"source":"6200ed10c137c384987643160a8a96e84c3823d2","tree":"1926e0f0fd8e519ec4ea016270254f01ad59db34","browser":"153.0.8010.12","gpu":{"renderer":"ANGLE (Google, Vulkan 1.3.0 (SwiftShader Device (Subzero) (0x0000C0DE)), SwiftShader driver)","vendor":"Google Inc. (Google)","canvas":[853,480]},"elapsedMs":12066.199999999999,"fps":12.099915466344003,"minimum":12,"oneSecondFps":[12,12,12,12,13,12,12,12,12,12,12,13],"errors":[]}
{"name":"baseline","round":3,"width":1920,"height":1080,"source":"a63ad0e05ce12d2b42ff22e97d39de4af51d4b08","tree":"886b56ac767ffb95c6b8bb3dff6cfe41ff2847be","browser":"153.0.8010.12","gpu":{"renderer":"ANGLE (Google, Vulkan 1.3.0 (SwiftShader Device (Subzero) (0x0000C0DE)), SwiftShader driver)","vendor":"Google Inc. (Google)","canvas":[853,480]},"elapsedMs":12066.3,"fps":13.094320545651941,"minimum":13,"oneSecondFps":[13,13,14,13,13,13,13,13,13,13,13,14],"errors":[]}
[{"width":1280,"candidate":21.17143196697661,"baseline":24.39608651693949,"ratio":0.8678208266016832,"software":true,"candidateFloor":false,"baselineFloor":false,"noMaterialRegression":false,"pass":false},{"width":1920,"candidate":12.129013989405363,"baseline":13.16574525713564,"ratio":0.9212554057911471,"software":true,"candidateFloor":false,"baselineFloor":false,"noMaterialRegression":true,"pass":true}]
node:internal/modules/run_main:107
    triggerUncaughtException(
    ^

AssertionError [ERR_ASSERTION]: Expected values to be strictly equal:

'NOT_PASS' !== 'PASS'

    at file:///D:/a/Webmaster/Webmaster/candidate/scripts/wm005-performance.mjs:41:132 {
  generatedMessage: true,
  code: 'ERR_ASSERTION',
  actual: 'NOT_PASS',
  expected: 'PASS',
  operator: 'strictEqual',
  diff: 'simple'
}

Node.js v24.19.0
