{"name":"baseline","round":0,"phase":"combat-street","width":1280,"height":720,"source":"6aff5802736b5c12380102a70a38794838397d7d","tree":"2d815a1d42d6e9da3d08175b286aa685acb06e72","browser":"153.0.8010.12","gpu":{"renderer":"ANGLE (Google, Vulkan 1.3.0 (SwiftShader Device (Subzero) (0x0000C0DE)), SwiftShader driver)","vendor":"Google Inc. (Google)","canvas":[568,320]},"elapsedMs":12015.899999999994,"fps":60.00382826088769,"minimum":59,"oneSecondFps":[61,60,60,60,60,60,59,61,60,60,60,60],"errors":[]}
{"name":"candidate","round":0,"phase":"combat-street","width":1280,"height":720,"source":"2dbe64ec4d0f85d9a90246fc2deb3013803e8e06","tree":"806e2bf59a7d301b28c98e903dcebc1b50593393","browser":"153.0.8010.12","gpu":{"renderer":"ANGLE (Google, Vulkan 1.3.0 (SwiftShader Device (Subzero) (0x0000C0DE)), SwiftShader driver)","vendor":"Google Inc. (Google)","canvas":[568,320]},"elapsedMs":12012.099999999977,"fps":58.774069479941176,"minimum":57,"oneSecondFps":[57,59,58,58,58,59,59,60,59,60,59,60],"errors":[]}
{"name":"candidate","round":1,"phase":"combat-street","width":1280,"height":720,"source":"2dbe64ec4d0f85d9a90246fc2deb3013803e8e06","tree":"806e2bf59a7d301b28c98e903dcebc1b50593393","browser":"153.0.8010.12","gpu":{"renderer":"ANGLE (Google, Vulkan 1.3.0 (SwiftShader Device (Subzero) (0x0000C0DE)), SwiftShader driver)","vendor":"Google Inc. (Google)","canvas":[568,320]},"elapsedMs":12003.199999999953,"fps":58.48440415889119,"minimum":57,"oneSecondFps":[59,58,57,59,58,60,59,59,59,59,58,57],"errors":[]}
{"name":"baseline","round":1,"phase":"combat-street","width":1280,"height":720,"source":"6aff5802736b5c12380102a70a38794838397d7d","tree":"2d815a1d42d6e9da3d08175b286aa685acb06e72","browser":"153.0.8010.12","gpu":{"renderer":"ANGLE (Google, Vulkan 1.3.0 (SwiftShader Device (Subzero) (0x0000C0DE)), SwiftShader driver)","vendor":"Google Inc. (Google)","canvas":[568,320]},"elapsedMs":12014.199999999953,"fps":59.929083917364686,"minimum":59,"oneSecondFps":[61,60,60,60,60,60,60,59,60,60,60,60],"errors":[]}
{"name":"baseline","round":2,"phase":"combat-street","width":1280,"height":720,"source":"6aff5802736b5c12380102a70a38794838397d7d","tree":"2d815a1d42d6e9da3d08175b286aa685acb06e72","browser":"153.0.8010.12","gpu":{"renderer":"ANGLE (Google, Vulkan 1.3.0 (SwiftShader Device (Subzero) (0x0000C0DE)), SwiftShader driver)","vendor":"Google Inc. (Google)","canvas":[568,320]},"elapsedMs":12010.400000000023,"fps":60.0313062012921,"minimum":60,"oneSecondFps":[61,60,60,60,60,60,60,60,60,60,60,60],"errors":[]}
{"name":"candidate","round":2,"phase":"combat-street","width":1280,"height":720,"source":"2dbe64ec4d0f85d9a90246fc2deb3013803e8e06","tree":"806e2bf59a7d301b28c98e903dcebc1b50593393","browser":"153.0.8010.12","gpu":{"renderer":"ANGLE (Google, Vulkan 1.3.0 (SwiftShader Device (Subzero) (0x0000C0DE)), SwiftShader driver)","vendor":"Google Inc. (Google)","canvas":[568,320]},"elapsedMs":12006.799999999988,"fps":57.80057967151953,"minimum":54,"oneSecondFps":[58,57,54,57,58,59,58,58,59,59,58,59],"errors":[]}
{"name":"candidate","round":3,"phase":"combat-street","width":1280,"height":720,"source":"2dbe64ec4d0f85d9a90246fc2deb3013803e8e06","tree":"806e2bf59a7d301b28c98e903dcebc1b50593393","browser":"153.0.8010.12","gpu":{"renderer":"ANGLE (Google, Vulkan 1.3.0 (SwiftShader Device (Subzero) (0x0000C0DE)), SwiftShader driver)","vendor":"Google Inc. (Google)","canvas":[568,320]},"elapsedMs":12003.100000000035,"fps":58.5682032141695,"minimum":58,"oneSecondFps":[58,58,59,58,58,60,58,60,58,59,59,58],"errors":[]}
{"name":"baseline","round":3,"phase":"combat-street","width":1280,"height":720,"source":"6aff5802736b5c12380102a70a38794838397d7d","tree":"2d815a1d42d6e9da3d08175b286aa685acb06e72","browser":"153.0.8010.12","gpu":{"renderer":"ANGLE (Google, Vulkan 1.3.0 (SwiftShader Device (Subzero) (0x0000C0DE)), SwiftShader driver)","vendor":"Google Inc. (Google)","canvas":[568,320]},"elapsedMs":12013.800000000047,"fps":60.014316868933825,"minimum":60,"oneSecondFps":[61,60,60,60,60,60,60,60,60,60,60,60],"errors":[]}
{"name":"baseline","round":0,"phase":"combat-street","width":1920,"height":1080,"source":"6aff5802736b5c12380102a70a38794838397d7d","tree":"2d815a1d42d6e9da3d08175b286aa685acb06e72","browser":"153.0.8010.12","gpu":{"renderer":"ANGLE (Google, Vulkan 1.3.0 (SwiftShader Device (Subzero) (0x0000C0DE)), SwiftShader driver)","vendor":"Google Inc. (Google)","canvas":[853,480]},"elapsedMs":12014.199999999953,"fps":44.530638744152924,"minimum":44,"oneSecondFps":[45,44,45,45,44,45,45,44,44,45,45,44],"errors":[]}
{"name":"candidate","round":0,"phase":"combat-street","width":1920,"height":1080,"source":"2dbe64ec4d0f85d9a90246fc2deb3013803e8e06","tree":"806e2bf59a7d301b28c98e903dcebc1b50593393","browser":"153.0.8010.12","gpu":{"renderer":"ANGLE (Google, Vulkan 1.3.0 (SwiftShader Device (Subzero) (0x0000C0DE)), SwiftShader driver)","vendor":"Google Inc. (Google)","canvas":[853,480]},"elapsedMs":12024.099999999977,"fps":36.42684275746217,"minimum":36,"oneSecondFps":[37,36,37,36,36,37,36,36,37,37,36,37],"errors":[]}
{"name":"candidate","round":1,"phase":"combat-street","width":1920,"height":1080,"source":"2dbe64ec4d0f85d9a90246fc2deb3013803e8e06","tree":"806e2bf59a7d301b28c98e903dcebc1b50593393","browser":"153.0.8010.12","gpu":{"renderer":"ANGLE (Google, Vulkan 1.3.0 (SwiftShader Device (Subzero) (0x0000C0DE)), SwiftShader driver)","vendor":"Google Inc. (Google)","canvas":[853,480]},"elapsedMs":12008.20000000007,"fps":36.22524608184386,"minimum":35,"oneSecondFps":[37,36,36,35,37,36,37,36,37,36,36,36],"errors":[]}
{"name":"baseline","round":1,"phase":"combat-street","width":1920,"height":1080,"source":"6aff5802736b5c12380102a70a38794838397d7d","tree":"2d815a1d42d6e9da3d08175b286aa685acb06e72","browser":"153.0.8010.12","gpu":{"renderer":"ANGLE (Google, Vulkan 1.3.0 (SwiftShader Device (Subzero) (0x0000C0DE)), SwiftShader driver)","vendor":"Google Inc. (Google)","canvas":[853,480]},"elapsedMs":12012.199999999953,"fps":42.29033815620802,"minimum":42,"oneSecondFps":[43,42,42,42,42,42,43,43,42,42,43,42],"errors":[]}
{"name":"baseline","round":2,"phase":"combat-street","width":1920,"height":1080,"source":"6aff5802736b5c12380102a70a38794838397d7d","tree":"2d815a1d42d6e9da3d08175b286aa685acb06e72","browser":"153.0.8010.12","gpu":{"renderer":"ANGLE (Google, Vulkan 1.3.0 (SwiftShader Device (Subzero) (0x0000C0DE)), SwiftShader driver)","vendor":"Google Inc. (Google)","canvas":[853,480]},"elapsedMs":12023,"fps":41.67013224652749,"minimum":41,"oneSecondFps":[42,42,42,42,42,41,42,41,42,42,41,42],"errors":[]}
node:internal/modules/run_main:107
    triggerUncaughtException(
    ^

locator.waitFor: Timeout 45000ms exceeded.
Call log:
[2m  - waiting for locator('#loading.hidden')[22m

    at begin (D:\a\Webmaster\Webmaster\candidate\scripts\wm006-aligned-performance.mjs:10:90)
    at async file:///D:/a/Webmaster/Webmaster/candidate/scripts/wm006-aligned-performance.mjs:46:55 {
  log: [ "  - waiting for locator('#loading.hidden')" ],
  name: 'TimeoutError'
}

Node.js v24.19.0
